{"timestamp":"2026-05-21T19:18:27.472886Z","level":"info","event":"Filling up the DagBag from /opt/airflow/dags/tutorial_dag2.py","logger":"airflow.dag_processing.dagbag.BundleDagBag","filename":"dagbag.py","lineno":469}
{"timestamp":"2026-05-21T19:18:27.501820Z","level":"warning","event":"The `airflow.operators.python.PythonOperator` attribute is deprecated. Please use `'airflow.providers.standard.operators.python.PythonOperator'`.","category":"UserWarning","filename":"/opt/airflow/dags/tutorial_dag2.py","lineno":3,"logger":"py.warnings"}
{"timestamp":"2026-05-21T19:18:27.501973Z","level":"warning","event":"The `airflow.operators.python.BranchPythonOperator` attribute is deprecated. Please use `'airflow.providers.standard.operators.python.BranchPythonOperator'`.","category":"UserWarning","filename":"/opt/airflow/dags/tutorial_dag2.py","lineno":3,"logger":"py.warnings"}
{"timestamp":"2026-05-21T19:18:27.502068Z","level":"warning","event":"The `airflow.operators.bash.BashOperator` attribute is deprecated. Please use `'airflow.providers.standard.operators.bash.BashOperator'`.","category":"UserWarning","filename":"/opt/airflow/dags/tutorial_dag2.py","lineno":4,"logger":"py.warnings"}
{"timestamp":"2026-05-21T19:18:58.099011Z","level":"info","event":"Filling up the DagBag from /opt/airflow/dags/tutorial_dag2.py","logger":"airflow.dag_processing.dagbag.BundleDagBag","filename":"dagbag.py","lineno":469}
{"timestamp":"2026-05-21T19:18:58.127345Z","level":"warning","event":"The `airflow.operators.python.PythonOperator` attribute is deprecated. Please use `'airflow.providers.standard.operators.python.PythonOperator'`.","category":"UserWarning","filename":"/opt/airflow/dags/tutorial_dag2.py","lineno":3,"logger":"py.warnings"}
{"timestamp":"2026-05-21T19:18:58.127492Z","level":"warning","event":"The `airflow.operators.python.BranchPythonOperator` attribute is deprecated. Please use `'airflow.providers.standard.operators.python.BranchPythonOperator'`.","category":"UserWarning","filename":"/opt/airflow/dags/tutorial_dag2.py","lineno":3,"logger":"py.warnings"}
{"timestamp":"2026-05-21T19:18:58.127589Z","level":"warning","event":"The `airflow.operators.bash.BashOperator` attribute is deprecated. Please use `'airflow.providers.standard.operators.bash.BashOperator'`.","category":"UserWarning","filename":"/opt/airflow/dags/tutorial_dag2.py","lineno":4,"logger":"py.warnings"}
{"timestamp":"2026-05-21T19:19:28.837360Z","level":"info","event":"Filling up the DagBag from /opt/airflow/dags/tutorial_dag2.py","logger":"airflow.dag_processing.dagbag.BundleDagBag","filename":"dagbag.py","lineno":469}
{"timestamp":"2026-05-21T19:19:28.872011Z","level":"warning","event":"The `airflow.operators.python.PythonOperator` attribute is deprecated. Please use `'airflow.providers.standard.operators.python.PythonOperator'`.","category":"UserWarning","filename":"/opt/airflow/dags/tutorial_dag2.py","lineno":3,"logger":"py.warnings"}
{"timestamp":"2026-05-21T19:19:28.872187Z","level":"warning","event":"The `airflow.operators.python.BranchPythonOperator` attribute is deprecated. Please use `'airflow.providers.standard.operators.python.BranchPythonOperator'`.","category":"UserWarning","filename":"/opt/airflow/dags/tutorial_dag2.py","lineno":3,"logger":"py.warnings"}
{"timestamp":"2026-05-21T19:19:28.872288Z","level":"warning","event":"The `airflow.operators.bash.BashOperator` attribute is deprecated. Please use `'airflow.providers.standard.operators.bash.BashOperator'`.","category":"UserWarning","filename":"/opt/airflow/dags/tutorial_dag2.py","lineno":4,"logger":"py.warnings"}
{"timestamp":"2026-05-21T19:19:59.572587Z","level":"info","event":"Filling up the DagBag from /opt/airflow/dags/tutorial_dag2.py","logger":"airflow.dag_processing.dagbag.BundleDagBag","filename":"dagbag.py","lineno":469}
{"timestamp":"2026-05-21T19:19:59.608540Z","level":"warning","event":"The `airflow.operators.python.PythonOperator` attribute is deprecated. Please use `'airflow.providers.standard.operators.python.PythonOperator'`.","category":"UserWarning","filename":"/opt/airflow/dags/tutorial_dag2.py","lineno":3,"logger":"py.warnings"}
{"timestamp":"2026-05-21T19:19:59.608686Z","level":"warning","event":"The `airflow.operators.python.BranchPythonOperator` attribute is deprecated. Please use `'airflow.providers.standard.operators.python.BranchPythonOperator'`.","category":"UserWarning","filename":"/opt/airflow/dags/tutorial_dag2.py","lineno":3,"logger":"py.warnings"}
{"timestamp":"2026-05-21T19:19:59.608782Z","level":"warning","event":"The `airflow.operators.bash.BashOperator` attribute is deprecated. Please use `'airflow.providers.standard.operators.bash.BashOperator'`.","category":"UserWarning","filename":"/opt/airflow/dags/tutorial_dag2.py","lineno":4,"logger":"py.warnings"}
{"timestamp":"2026-05-21T19:20:29.889046Z","level":"info","event":"Filling up the DagBag from /opt/airflow/dags/tutorial_dag2.py","logger":"airflow.dag_processing.dagbag.BundleDagBag","filename":"dagbag.py","lineno":469}
{"timestamp":"2026-05-21T19:20:29.923783Z","level":"warning","event":"The `airflow.operators.python.PythonOperator` attribute is deprecated. Please use `'airflow.providers.standard.operators.python.PythonOperator'`.","category":"UserWarning","filename":"/opt/airflow/dags/tutorial_dag2.py","lineno":3,"logger":"py.warnings"}
{"timestamp":"2026-05-21T19:20:29.923993Z","level":"warning","event":"The `airflow.operators.python.BranchPythonOperator` attribute is deprecated. Please use `'airflow.providers.standard.operators.python.BranchPythonOperator'`.","category":"UserWarning","filename":"/opt/airflow/dags/tutorial_dag2.py","lineno":3,"logger":"py.warnings"}
{"timestamp":"2026-05-21T19:20:29.924102Z","level":"warning","event":"The `airflow.operators.bash.BashOperator` attribute is deprecated. Please use `'airflow.providers.standard.operators.bash.BashOperator'`.","category":"UserWarning","filename":"/opt/airflow/dags/tutorial_dag2.py","lineno":4,"logger":"py.warnings"}
{"timestamp":"2026-05-21T19:21:00.457403Z","level":"info","event":"Filling up the DagBag from /opt/airflow/dags/tutorial_dag2.py","logger":"airflow.dag_processing.dagbag.BundleDagBag","filename":"dagbag.py","lineno":469}
{"timestamp":"2026-05-21T19:21:00.478161Z","level":"warning","event":"The `airflow.operators.python.PythonOperator` attribute is deprecated. Please use `'airflow.providers.standard.operators.python.PythonOperator'`.","category":"UserWarning","filename":"/opt/airflow/dags/tutorial_dag2.py","lineno":3,"logger":"py.warnings"}
{"timestamp":"2026-05-21T19:21:00.478311Z","level":"warning","event":"The `airflow.operators.python.BranchPythonOperator` attribute is deprecated. Please use `'airflow.providers.standard.operators.python.BranchPythonOperator'`.","category":"UserWarning","filename":"/opt/airflow/dags/tutorial_dag2.py","lineno":3,"logger":"py.warnings"}
{"timestamp":"2026-05-21T19:21:00.478407Z","level":"warning","event":"The `airflow.operators.bash.BashOperator` attribute is deprecated. Please use `'airflow.providers.standard.operators.bash.BashOperator'`.","category":"UserWarning","filename":"/opt/airflow/dags/tutorial_dag2.py","lineno":4,"logger":"py.warnings"}
{"timestamp":"2026-05-21T19:21:31.033577Z","level":"info","event":"Filling up the DagBag from /opt/airflow/dags/tutorial_dag2.py","logger":"airflow.dag_processing.dagbag.BundleDagBag","filename":"dagbag.py","lineno":469}
{"timestamp":"2026-05-21T19:21:31.054371Z","level":"warning","event":"The `airflow.operators.python.PythonOperator` attribute is deprecated. Please use `'airflow.providers.standard.operators.python.PythonOperator'`.","category":"UserWarning","filename":"/opt/airflow/dags/tutorial_dag2.py","lineno":3,"logger":"py.warnings"}
{"timestamp":"2026-05-21T19:21:31.054536Z","level":"warning","event":"The `airflow.operators.python.BranchPythonOperator` attribute is deprecated. Please use `'airflow.providers.standard.operators.python.BranchPythonOperator'`.","category":"UserWarning","filename":"/opt/airflow/dags/tutorial_dag2.py","lineno":3,"logger":"py.warnings"}
{"timestamp":"2026-05-21T19:21:31.054647Z","level":"warning","event":"The `airflow.operators.bash.BashOperator` attribute is deprecated. Please use `'airflow.providers.standard.operators.bash.BashOperator'`.","category":"UserWarning","filename":"/opt/airflow/dags/tutorial_dag2.py","lineno":4,"logger":"py.warnings"}
{"timestamp":"2026-05-21T19:22:02.195147Z","level":"info","event":"Filling up the DagBag from /opt/airflow/dags/tutorial_dag2.py","logger":"airflow.dag_processing.dagbag.BundleDagBag","filename":"dagbag.py","lineno":469}
{"timestamp":"2026-05-21T19:22:02.224111Z","level":"warning","event":"The `airflow.operators.python.PythonOperator` attribute is deprecated. Please use `'airflow.providers.standard.operators.python.PythonOperator'`.","category":"UserWarning","filename":"/opt/airflow/dags/tutorial_dag2.py","lineno":3,"logger":"py.warnings"}
{"timestamp":"2026-05-21T19:22:02.224268Z","level":"warning","event":"The `airflow.operators.python.BranchPythonOperator` attribute is deprecated. Please use `'airflow.providers.standard.operators.python.BranchPythonOperator'`.","category":"UserWarning","filename":"/opt/airflow/dags/tutorial_dag2.py","lineno":3,"logger":"py.warnings"}
{"timestamp":"2026-05-21T19:22:02.224365Z","level":"warning","event":"The `airflow.operators.bash.BashOperator` attribute is deprecated. Please use `'airflow.providers.standard.operators.bash.BashOperator'`.","category":"UserWarning","filename":"/opt/airflow/dags/tutorial_dag2.py","lineno":4,"logger":"py.warnings"}
{"timestamp":"2026-05-21T19:22:32.864637Z","level":"info","event":"Filling up the DagBag from /opt/airflow/dags/tutorial_dag2.py","logger":"airflow.dag_processing.dagbag.BundleDagBag","filename":"dagbag.py","lineno":469}
{"timestamp":"2026-05-21T19:22:32.903021Z","level":"warning","event":"The `airflow.operators.python.PythonOperator` attribute is deprecated. Please use `'airflow.providers.standard.operators.python.PythonOperator'`.","category":"UserWarning","filename":"/opt/airflow/dags/tutorial_dag2.py","lineno":3,"logger":"py.warnings"}
{"timestamp":"2026-05-21T19:22:32.903185Z","level":"warning","event":"The `airflow.operators.python.BranchPythonOperator` attribute is deprecated. Please use `'airflow.providers.standard.operators.python.BranchPythonOperator'`.","category":"UserWarning","filename":"/opt/airflow/dags/tutorial_dag2.py","lineno":3,"logger":"py.warnings"}
{"timestamp":"2026-05-21T19:22:32.903314Z","level":"warning","event":"The `airflow.operators.bash.BashOperator` attribute is deprecated. Please use `'airflow.providers.standard.operators.bash.BashOperator'`.","category":"UserWarning","filename":"/opt/airflow/dags/tutorial_dag2.py","lineno":4,"logger":"py.warnings"}
{"timestamp":"2026-05-21T19:23:03.623941Z","level":"info","event":"Filling up the DagBag from /opt/airflow/dags/tutorial_dag2.py","logger":"airflow.dag_processing.dagbag.BundleDagBag","filename":"dagbag.py","lineno":469}
{"timestamp":"2026-05-21T19:23:03.698553Z","level":"warning","event":"The `airflow.operators.python.PythonOperator` attribute is deprecated. Please use `'airflow.providers.standard.operators.python.PythonOperator'`.","category":"UserWarning","filename":"/opt/airflow/dags/tutorial_dag2.py","lineno":3,"logger":"py.warnings"}
{"timestamp":"2026-05-21T19:23:03.698704Z","level":"warning","event":"The `airflow.operators.python.BranchPythonOperator` attribute is deprecated. Please use `'airflow.providers.standard.operators.python.BranchPythonOperator'`.","category":"UserWarning","filename":"/opt/airflow/dags/tutorial_dag2.py","lineno":3,"logger":"py.warnings"}
{"timestamp":"2026-05-21T19:23:03.698798Z","level":"warning","event":"The `airflow.operators.bash.BashOperator` attribute is deprecated. Please use `'airflow.providers.standard.operators.bash.BashOperator'`.","category":"UserWarning","filename":"/opt/airflow/dags/tutorial_dag2.py","lineno":4,"logger":"py.warnings"}
{"timestamp":"2026-05-21T19:23:33.999264Z","level":"info","event":"Filling up the DagBag from /opt/airflow/dags/tutorial_dag2.py","logger":"airflow.dag_processing.dagbag.BundleDagBag","filename":"dagbag.py","lineno":469}
{"timestamp":"2026-05-21T19:23:34.020794Z","level":"warning","event":"The `airflow.operators.python.PythonOperator` attribute is deprecated. Please use `'airflow.providers.standard.operators.python.PythonOperator'`.","category":"UserWarning","filename":"/opt/airflow/dags/tutorial_dag2.py","lineno":3,"logger":"py.warnings"}
{"timestamp":"2026-05-21T19:23:34.020940Z","level":"warning","event":"The `airflow.operators.python.BranchPythonOperator` attribute is deprecated. Please use `'airflow.providers.standard.operators.python.BranchPythonOperator'`.","category":"UserWarning","filename":"/opt/airflow/dags/tutorial_dag2.py","lineno":3,"logger":"py.warnings"}
{"timestamp":"2026-05-21T19:23:34.021044Z","level":"warning","event":"The `airflow.operators.bash.BashOperator` attribute is deprecated. Please use `'airflow.providers.standard.operators.bash.BashOperator'`.","category":"UserWarning","filename":"/opt/airflow/dags/tutorial_dag2.py","lineno":4,"logger":"py.warnings"}
{"timestamp":"2026-05-21T19:24:04.138741Z","level":"info","event":"Filling up the DagBag from /opt/airflow/dags/tutorial_dag2.py","logger":"airflow.dag_processing.dagbag.BundleDagBag","filename":"dagbag.py","lineno":469}
{"timestamp":"2026-05-21T19:24:04.166402Z","level":"warning","event":"The `airflow.operators.python.PythonOperator` attribute is deprecated. Please use `'airflow.providers.standard.operators.python.PythonOperator'`.","category":"UserWarning","filename":"/opt/airflow/dags/tutorial_dag2.py","lineno":3,"logger":"py.warnings"}
{"timestamp":"2026-05-21T19:24:04.166650Z","level":"warning","event":"The `airflow.operators.python.BranchPythonOperator` attribute is deprecated. Please use `'airflow.providers.standard.operators.python.BranchPythonOperator'`.","category":"UserWarning","filename":"/opt/airflow/dags/tutorial_dag2.py","lineno":3,"logger":"py.warnings"}
{"timestamp":"2026-05-21T19:24:04.166763Z","level":"warning","event":"The `airflow.operators.bash.BashOperator` attribute is deprecated. Please use `'airflow.providers.standard.operators.bash.BashOperator'`.","category":"UserWarning","filename":"/opt/airflow/dags/tutorial_dag2.py","lineno":4,"logger":"py.warnings"}
{"timestamp":"2026-05-21T19:24:34.546805Z","level":"info","event":"Filling up the DagBag from /opt/airflow/dags/tutorial_dag2.py","logger":"airflow.dag_processing.dagbag.BundleDagBag","filename":"dagbag.py","lineno":469}
{"timestamp":"2026-05-21T19:24:34.568878Z","level":"warning","event":"The `airflow.operators.python.PythonOperator` attribute is deprecated. Please use `'airflow.providers.standard.operators.python.PythonOperator'`.","category":"UserWarning","filename":"/opt/airflow/dags/tutorial_dag2.py","lineno":3,"logger":"py.warnings"}
{"timestamp":"2026-05-21T19:24:34.569068Z","level":"warning","event":"The `airflow.operators.python.BranchPythonOperator` attribute is deprecated. Please use `'airflow.providers.standard.operators.python.BranchPythonOperator'`.","category":"UserWarning","filename":"/opt/airflow/dags/tutorial_dag2.py","lineno":3,"logger":"py.warnings"}
{"timestamp":"2026-05-21T19:24:34.569169Z","level":"warning","event":"The `airflow.operators.bash.BashOperator` attribute is deprecated. Please use `'airflow.providers.standard.operators.bash.BashOperator'`.","category":"UserWarning","filename":"/opt/airflow/dags/tutorial_dag2.py","lineno":4,"logger":"py.warnings"}
{"timestamp":"2026-05-21T19:25:05.506409Z","level":"info","event":"Filling up the DagBag from /opt/airflow/dags/tutorial_dag2.py","logger":"airflow.dag_processing.dagbag.BundleDagBag","filename":"dagbag.py","lineno":469}
{"timestamp":"2026-05-21T19:25:05.526821Z","level":"warning","event":"The `airflow.operators.python.PythonOperator` attribute is deprecated. Please use `'airflow.providers.standard.operators.python.PythonOperator'`.","category":"UserWarning","filename":"/opt/airflow/dags/tutorial_dag2.py","lineno":3,"logger":"py.warnings"}
{"timestamp":"2026-05-21T19:25:05.527009Z","level":"warning","event":"The `airflow.operators.python.BranchPythonOperator` attribute is deprecated. Please use `'airflow.providers.standard.operators.python.BranchPythonOperator'`.","category":"UserWarning","filename":"/opt/airflow/dags/tutorial_dag2.py","lineno":3,"logger":"py.warnings"}
{"timestamp":"2026-05-21T19:25:05.527155Z","level":"warning","event":"The `airflow.operators.bash.BashOperator` attribute is deprecated. Please use `'airflow.providers.standard.operators.bash.BashOperator'`.","category":"UserWarning","filename":"/opt/airflow/dags/tutorial_dag2.py","lineno":4,"logger":"py.warnings"}
{"timestamp":"2026-05-21T19:25:35.726703Z","level":"info","event":"Filling up the DagBag from /opt/airflow/dags/tutorial_dag2.py","logger":"airflow.dag_processing.dagbag.BundleDagBag","filename":"dagbag.py","lineno":469}
{"timestamp":"2026-05-21T19:25:35.746923Z","level":"warning","event":"The `airflow.operators.python.PythonOperator` attribute is deprecated. Please use `'airflow.providers.standard.operators.python.PythonOperator'`.","category":"UserWarning","filename":"/opt/airflow/dags/tutorial_dag2.py","lineno":3,"logger":"py.warnings"}
{"timestamp":"2026-05-21T19:25:35.747071Z","level":"warning","event":"The `airflow.operators.python.BranchPythonOperator` attribute is deprecated. Please use `'airflow.providers.standard.operators.python.BranchPythonOperator'`.","category":"UserWarning","filename":"/opt/airflow/dags/tutorial_dag2.py","lineno":3,"logger":"py.warnings"}
{"timestamp":"2026-05-21T19:25:35.747166Z","level":"warning","event":"The `airflow.operators.bash.BashOperator` attribute is deprecated. Please use `'airflow.providers.standard.operators.bash.BashOperator'`.","category":"UserWarning","filename":"/opt/airflow/dags/tutorial_dag2.py","lineno":4,"logger":"py.warnings"}
{"timestamp":"2026-05-21T19:26:06.350251Z","level":"info","event":"Filling up the DagBag from /opt/airflow/dags/tutorial_dag2.py","logger":"airflow.dag_processing.dagbag.BundleDagBag","filename":"dagbag.py","lineno":469}
{"timestamp":"2026-05-21T19:26:06.373564Z","level":"warning","event":"The `airflow.operators.python.PythonOperator` attribute is deprecated. Please use `'airflow.providers.standard.operators.python.PythonOperator'`.","category":"UserWarning","filename":"/opt/airflow/dags/tutorial_dag2.py","lineno":3,"logger":"py.warnings"}
{"timestamp":"2026-05-21T19:26:06.373750Z","level":"warning","event":"The `airflow.operators.python.BranchPythonOperator` attribute is deprecated. Please use `'airflow.providers.standard.operators.python.BranchPythonOperator'`.","category":"UserWarning","filename":"/opt/airflow/dags/tutorial_dag2.py","lineno":3,"logger":"py.warnings"}
{"timestamp":"2026-05-21T19:26:06.373852Z","level":"warning","event":"The `airflow.operators.bash.BashOperator` attribute is deprecated. Please use `'airflow.providers.standard.operators.bash.BashOperator'`.","category":"UserWarning","filename":"/opt/airflow/dags/tutorial_dag2.py","lineno":4,"logger":"py.warnings"}
{"timestamp":"2026-05-21T21:29:15.702644Z","level":"info","event":"Filling up the DagBag from /opt/airflow/dags/tutorial_dag2.py","logger":"airflow.dag_processing.dagbag.BundleDagBag","filename":"dagbag.py","lineno":469}
{"timestamp":"2026-05-21T21:29:15.905901Z","level":"warning","event":"The `airflow.operators.python.PythonOperator` attribute is deprecated. Please use `'airflow.providers.standard.operators.python.PythonOperator'`.","category":"UserWarning","filename":"/opt/airflow/dags/tutorial_dag2.py","lineno":3,"logger":"py.warnings"}
{"timestamp":"2026-05-21T21:29:15.906097Z","level":"warning","event":"The `airflow.operators.python.BranchPythonOperator` attribute is deprecated. Please use `'airflow.providers.standard.operators.python.BranchPythonOperator'`.","category":"UserWarning","filename":"/opt/airflow/dags/tutorial_dag2.py","lineno":3,"logger":"py.warnings"}
{"timestamp":"2026-05-21T21:29:15.906217Z","level":"warning","event":"The `airflow.operators.bash.BashOperator` attribute is deprecated. Please use `'airflow.providers.standard.operators.bash.BashOperator'`.","category":"UserWarning","filename":"/opt/airflow/dags/tutorial_dag2.py","lineno":4,"logger":"py.warnings"}
{"timestamp":"2026-05-21T21:29:46.312913Z","level":"info","event":"Filling up the DagBag from /opt/airflow/dags/tutorial_dag2.py","logger":"airflow.dag_processing.dagbag.BundleDagBag","filename":"dagbag.py","lineno":469}
{"timestamp":"2026-05-21T21:29:46.347143Z","level":"warning","event":"The `airflow.operators.python.PythonOperator` attribute is deprecated. Please use `'airflow.providers.standard.operators.python.PythonOperator'`.","category":"UserWarning","filename":"/opt/airflow/dags/tutorial_dag2.py","lineno":3,"logger":"py.warnings"}
{"timestamp":"2026-05-21T21:29:46.347311Z","level":"warning","event":"The `airflow.operators.python.BranchPythonOperator` attribute is deprecated. Please use `'airflow.providers.standard.operators.python.BranchPythonOperator'`.","category":"UserWarning","filename":"/opt/airflow/dags/tutorial_dag2.py","lineno":3,"logger":"py.warnings"}
{"timestamp":"2026-05-21T21:29:46.347448Z","level":"warning","event":"The `airflow.operators.bash.BashOperator` attribute is deprecated. Please use `'airflow.providers.standard.operators.bash.BashOperator'`.","category":"UserWarning","filename":"/opt/airflow/dags/tutorial_dag2.py","lineno":4,"logger":"py.warnings"}
{"timestamp":"2026-05-21T21:30:16.622430Z","level":"info","event":"Filling up the DagBag from /opt/airflow/dags/tutorial_dag2.py","logger":"airflow.dag_processing.dagbag.BundleDagBag","filename":"dagbag.py","lineno":469}
{"timestamp":"2026-05-21T21:30:16.652265Z","level":"warning","event":"The `airflow.operators.python.PythonOperator` attribute is deprecated. Please use `'airflow.providers.standard.operators.python.PythonOperator'`.","category":"UserWarning","filename":"/opt/airflow/dags/tutorial_dag2.py","lineno":3,"logger":"py.warnings"}
{"timestamp":"2026-05-21T21:30:16.652425Z","level":"warning","event":"The `airflow.operators.python.BranchPythonOperator` attribute is deprecated. Please use `'airflow.providers.standard.operators.python.BranchPythonOperator'`.","category":"UserWarning","filename":"/opt/airflow/dags/tutorial_dag2.py","lineno":3,"logger":"py.warnings"}
{"timestamp":"2026-05-21T21:30:16.652524Z","level":"warning","event":"The `airflow.operators.bash.BashOperator` attribute is deprecated. Please use `'airflow.providers.standard.operators.bash.BashOperator'`.","category":"UserWarning","filename":"/opt/airflow/dags/tutorial_dag2.py","lineno":4,"logger":"py.warnings"}
{"timestamp":"2026-05-21T21:30:47.589097Z","level":"info","event":"Filling up the DagBag from /opt/airflow/dags/tutorial_dag2.py","logger":"airflow.dag_processing.dagbag.BundleDagBag","filename":"dagbag.py","lineno":469}
{"timestamp":"2026-05-21T21:30:47.653002Z","level":"warning","event":"The `airflow.operators.python.PythonOperator` attribute is deprecated. Please use `'airflow.providers.standard.operators.python.PythonOperator'`.","category":"UserWarning","filename":"/opt/airflow/dags/tutorial_dag2.py","lineno":3,"logger":"py.warnings"}
{"timestamp":"2026-05-21T21:30:47.653181Z","level":"warning","event":"The `airflow.operators.python.BranchPythonOperator` attribute is deprecated. Please use `'airflow.providers.standard.operators.python.BranchPythonOperator'`.","category":"UserWarning","filename":"/opt/airflow/dags/tutorial_dag2.py","lineno":3,"logger":"py.warnings"}
{"timestamp":"2026-05-21T21:30:47.653283Z","level":"warning","event":"The `airflow.operators.bash.BashOperator` attribute is deprecated. Please use `'airflow.providers.standard.operators.bash.BashOperator'`.","category":"UserWarning","filename":"/opt/airflow/dags/tutorial_dag2.py","lineno":4,"logger":"py.warnings"}
{"timestamp":"2026-05-21T21:31:17.853005Z","level":"info","event":"Filling up the DagBag from /opt/airflow/dags/tutorial_dag2.py","logger":"airflow.dag_processing.dagbag.BundleDagBag","filename":"dagbag.py","lineno":469}
{"timestamp":"2026-05-21T21:31:17.924554Z","level":"warning","event":"The `airflow.operators.python.PythonOperator` attribute is deprecated. Please use `'airflow.providers.standard.operators.python.PythonOperator'`.","category":"UserWarning","filename":"/opt/airflow/dags/tutorial_dag2.py","lineno":3,"logger":"py.warnings"}
{"timestamp":"2026-05-21T21:31:17.924716Z","level":"warning","event":"The `airflow.operators.python.BranchPythonOperator` attribute is deprecated. Please use `'airflow.providers.standard.operators.python.BranchPythonOperator'`.","category":"UserWarning","filename":"/opt/airflow/dags/tutorial_dag2.py","lineno":3,"logger":"py.warnings"}
{"timestamp":"2026-05-21T21:31:17.924814Z","level":"warning","event":"The `airflow.operators.bash.BashOperator` attribute is deprecated. Please use `'airflow.providers.standard.operators.bash.BashOperator'`.","category":"UserWarning","filename":"/opt/airflow/dags/tutorial_dag2.py","lineno":4,"logger":"py.warnings"}
{"timestamp":"2026-05-21T21:31:48.135081Z","level":"info","event":"Filling up the DagBag from /opt/airflow/dags/tutorial_dag2.py","logger":"airflow.dag_processing.dagbag.BundleDagBag","filename":"dagbag.py","lineno":469}
{"timestamp":"2026-05-21T21:31:48.163691Z","level":"warning","event":"The `airflow.operators.python.PythonOperator` attribute is deprecated. Please use `'airflow.providers.standard.operators.python.PythonOperator'`.","category":"UserWarning","filename":"/opt/airflow/dags/tutorial_dag2.py","lineno":3,"logger":"py.warnings"}
{"timestamp":"2026-05-21T21:31:48.163856Z","level":"warning","event":"The `airflow.operators.python.BranchPythonOperator` attribute is deprecated. Please use `'airflow.providers.standard.operators.python.BranchPythonOperator'`.","category":"UserWarning","filename":"/opt/airflow/dags/tutorial_dag2.py","lineno":3,"logger":"py.warnings"}
{"timestamp":"2026-05-21T21:31:48.163975Z","level":"warning","event":"The `airflow.operators.bash.BashOperator` attribute is deprecated. Please use `'airflow.providers.standard.operators.bash.BashOperator'`.","category":"UserWarning","filename":"/opt/airflow/dags/tutorial_dag2.py","lineno":4,"logger":"py.warnings"}
{"timestamp":"2026-05-21T21:32:18.298059Z","level":"info","event":"Filling up the DagBag from /opt/airflow/dags/tutorial_dag2.py","logger":"airflow.dag_processing.dagbag.BundleDagBag","filename":"dagbag.py","lineno":469}
{"timestamp":"2026-05-21T21:32:18.321791Z","level":"warning","event":"The `airflow.operators.python.PythonOperator` attribute is deprecated. Please use `'airflow.providers.standard.operators.python.PythonOperator'`.","category":"UserWarning","filename":"/opt/airflow/dags/tutorial_dag2.py","lineno":3,"logger":"py.warnings"}
{"timestamp":"2026-05-21T21:32:18.321947Z","level":"warning","event":"The `airflow.operators.python.BranchPythonOperator` attribute is deprecated. Please use `'airflow.providers.standard.operators.python.BranchPythonOperator'`.","category":"UserWarning","filename":"/opt/airflow/dags/tutorial_dag2.py","lineno":3,"logger":"py.warnings"}
{"timestamp":"2026-05-21T21:32:18.322045Z","level":"warning","event":"The `airflow.operators.bash.BashOperator` attribute is deprecated. Please use `'airflow.providers.standard.operators.bash.BashOperator'`.","category":"UserWarning","filename":"/opt/airflow/dags/tutorial_dag2.py","lineno":4,"logger":"py.warnings"}
{"timestamp":"2026-05-21T21:32:48.889851Z","level":"info","event":"Filling up the DagBag from /opt/airflow/dags/tutorial_dag2.py","logger":"airflow.dag_processing.dagbag.BundleDagBag","filename":"dagbag.py","lineno":469}
{"timestamp":"2026-05-21T21:32:48.923242Z","level":"warning","event":"The `airflow.operators.python.PythonOperator` attribute is deprecated. Please use `'airflow.providers.standard.operators.python.PythonOperator'`.","category":"UserWarning","filename":"/opt/airflow/dags/tutorial_dag2.py","lineno":3,"logger":"py.warnings"}
{"timestamp":"2026-05-21T21:32:48.923449Z","level":"warning","event":"The `airflow.operators.python.BranchPythonOperator` attribute is deprecated. Please use `'airflow.providers.standard.operators.python.BranchPythonOperator'`.","category":"UserWarning","filename":"/opt/airflow/dags/tutorial_dag2.py","lineno":3,"logger":"py.warnings"}
{"timestamp":"2026-05-21T21:32:48.923565Z","level":"warning","event":"The `airflow.operators.bash.BashOperator` attribute is deprecated. Please use `'airflow.providers.standard.operators.bash.BashOperator'`.","category":"UserWarning","filename":"/opt/airflow/dags/tutorial_dag2.py","lineno":4,"logger":"py.warnings"}
{"timestamp":"2026-05-21T21:33:19.921336Z","level":"info","event":"Filling up the DagBag from /opt/airflow/dags/tutorial_dag2.py","logger":"airflow.dag_processing.dagbag.BundleDagBag","filename":"dagbag.py","lineno":469}
{"timestamp":"2026-05-21T21:33:19.948566Z","level":"warning","event":"The `airflow.operators.python.PythonOperator` attribute is deprecated. Please use `'airflow.providers.standard.operators.python.PythonOperator'`.","category":"UserWarning","filename":"/opt/airflow/dags/tutorial_dag2.py","lineno":3,"logger":"py.warnings"}
{"timestamp":"2026-05-21T21:33:19.948755Z","level":"warning","event":"The `airflow.operators.python.BranchPythonOperator` attribute is deprecated. Please use `'airflow.providers.standard.operators.python.BranchPythonOperator'`.","category":"UserWarning","filename":"/opt/airflow/dags/tutorial_dag2.py","lineno":3,"logger":"py.warnings"}
{"timestamp":"2026-05-21T21:33:19.949630Z","level":"warning","event":"The `airflow.operators.bash.BashOperator` attribute is deprecated. Please use `'airflow.providers.standard.operators.bash.BashOperator'`.","category":"UserWarning","filename":"/opt/airflow/dags/tutorial_dag2.py","lineno":4,"logger":"py.warnings"}
{"timestamp":"2026-05-21T21:33:50.792102Z","level":"info","event":"Filling up the DagBag from /opt/airflow/dags/tutorial_dag2.py","logger":"airflow.dag_processing.dagbag.BundleDagBag","filename":"dagbag.py","lineno":469}
{"timestamp":"2026-05-21T21:33:50.874508Z","level":"warning","event":"The `airflow.operators.python.PythonOperator` attribute is deprecated. Please use `'airflow.providers.standard.operators.python.PythonOperator'`.","category":"UserWarning","filename":"/opt/airflow/dags/tutorial_dag2.py","lineno":3,"logger":"py.warnings"}
{"timestamp":"2026-05-21T21:33:50.874680Z","level":"warning","event":"The `airflow.operators.python.BranchPythonOperator` attribute is deprecated. Please use `'airflow.providers.standard.operators.python.BranchPythonOperator'`.","category":"UserWarning","filename":"/opt/airflow/dags/tutorial_dag2.py","lineno":3,"logger":"py.warnings"}
{"timestamp":"2026-05-21T21:33:50.874783Z","level":"warning","event":"The `airflow.operators.bash.BashOperator` attribute is deprecated. Please use `'airflow.providers.standard.operators.bash.BashOperator'`.","category":"UserWarning","filename":"/opt/airflow/dags/tutorial_dag2.py","lineno":4,"logger":"py.warnings"}
{"timestamp":"2026-05-21T21:34:21.493553Z","level":"info","event":"Filling up the DagBag from /opt/airflow/dags/tutorial_dag2.py","logger":"airflow.dag_processing.dagbag.BundleDagBag","filename":"dagbag.py","lineno":469}
{"timestamp":"2026-05-21T21:34:21.611557Z","level":"warning","event":"The `airflow.operators.python.PythonOperator` attribute is deprecated. Please use `'airflow.providers.standard.operators.python.PythonOperator'`.","category":"UserWarning","filename":"/opt/airflow/dags/tutorial_dag2.py","lineno":3,"logger":"py.warnings"}
{"timestamp":"2026-05-21T21:34:21.611729Z","level":"warning","event":"The `airflow.operators.python.BranchPythonOperator` attribute is deprecated. Please use `'airflow.providers.standard.operators.python.BranchPythonOperator'`.","category":"UserWarning","filename":"/opt/airflow/dags/tutorial_dag2.py","lineno":3,"logger":"py.warnings"}
{"timestamp":"2026-05-21T21:34:21.611829Z","level":"warning","event":"The `airflow.operators.bash.BashOperator` attribute is deprecated. Please use `'airflow.providers.standard.operators.bash.BashOperator'`.","category":"UserWarning","filename":"/opt/airflow/dags/tutorial_dag2.py","lineno":4,"logger":"py.warnings"}
{"timestamp":"2026-05-21T21:34:52.169037Z","level":"info","event":"Filling up the DagBag from /opt/airflow/dags/tutorial_dag2.py","logger":"airflow.dag_processing.dagbag.BundleDagBag","filename":"dagbag.py","lineno":469}
{"timestamp":"2026-05-21T21:34:52.228549Z","level":"warning","event":"The `airflow.operators.python.PythonOperator` attribute is deprecated. Please use `'airflow.providers.standard.operators.python.PythonOperator'`.","category":"UserWarning","filename":"/opt/airflow/dags/tutorial_dag2.py","lineno":3,"logger":"py.warnings"}
{"timestamp":"2026-05-21T21:34:52.229786Z","level":"warning","event":"The `airflow.operators.python.BranchPythonOperator` attribute is deprecated. Please use `'airflow.providers.standard.operators.python.BranchPythonOperator'`.","category":"UserWarning","filename":"/opt/airflow/dags/tutorial_dag2.py","lineno":3,"logger":"py.warnings"}
{"timestamp":"2026-05-21T21:34:52.229998Z","level":"warning","event":"The `airflow.operators.bash.BashOperator` attribute is deprecated. Please use `'airflow.providers.standard.operators.bash.BashOperator'`.","category":"UserWarning","filename":"/opt/airflow/dags/tutorial_dag2.py","lineno":4,"logger":"py.warnings"}
{"timestamp":"2026-05-21T21:35:22.399606Z","level":"info","event":"Filling up the DagBag from /opt/airflow/dags/tutorial_dag2.py","logger":"airflow.dag_processing.dagbag.BundleDagBag","filename":"dagbag.py","lineno":469}
{"timestamp":"2026-05-21T21:35:22.429811Z","level":"warning","event":"The `airflow.operators.python.PythonOperator` attribute is deprecated. Please use `'airflow.providers.standard.operators.python.PythonOperator'`.","category":"UserWarning","filename":"/opt/airflow/dags/tutorial_dag2.py","lineno":3,"logger":"py.warnings"}
{"timestamp":"2026-05-21T21:35:22.430196Z","level":"warning","event":"The `airflow.operators.python.BranchPythonOperator` attribute is deprecated. Please use `'airflow.providers.standard.operators.python.BranchPythonOperator'`.","category":"UserWarning","filename":"/opt/airflow/dags/tutorial_dag2.py","lineno":3,"logger":"py.warnings"}
{"timestamp":"2026-05-21T21:35:22.430338Z","level":"warning","event":"The `airflow.operators.bash.BashOperator` attribute is deprecated. Please use `'airflow.providers.standard.operators.bash.BashOperator'`.","category":"UserWarning","filename":"/opt/airflow/dags/tutorial_dag2.py","lineno":4,"logger":"py.warnings"}
{"timestamp":"2026-05-21T21:35:52.970813Z","level":"info","event":"Filling up the DagBag from /opt/airflow/dags/tutorial_dag2.py","logger":"airflow.dag_processing.dagbag.BundleDagBag","filename":"dagbag.py","lineno":469}
{"timestamp":"2026-05-21T21:35:52.993949Z","level":"warning","event":"The `airflow.operators.python.PythonOperator` attribute is deprecated. Please use `'airflow.providers.standard.operators.python.PythonOperator'`.","category":"UserWarning","filename":"/opt/airflow/dags/tutorial_dag2.py","lineno":3,"logger":"py.warnings"}
{"timestamp":"2026-05-21T21:35:52.994118Z","level":"warning","event":"The `airflow.operators.python.BranchPythonOperator` attribute is deprecated. Please use `'airflow.providers.standard.operators.python.BranchPythonOperator'`.","category":"UserWarning","filename":"/opt/airflow/dags/tutorial_dag2.py","lineno":3,"logger":"py.warnings"}
{"timestamp":"2026-05-21T21:35:52.994230Z","level":"warning","event":"The `airflow.operators.bash.BashOperator` attribute is deprecated. Please use `'airflow.providers.standard.operators.bash.BashOperator'`.","category":"UserWarning","filename":"/opt/airflow/dags/tutorial_dag2.py","lineno":4,"logger":"py.warnings"}
{"timestamp":"2026-05-21T21:36:23.411720Z","level":"info","event":"Filling up the DagBag from /opt/airflow/dags/tutorial_dag2.py","logger":"airflow.dag_processing.dagbag.BundleDagBag","filename":"dagbag.py","lineno":469}
{"timestamp":"2026-05-21T21:36:23.440282Z","level":"warning","event":"The `airflow.operators.python.PythonOperator` attribute is deprecated. Please use `'airflow.providers.standard.operators.python.PythonOperator'`.","category":"UserWarning","filename":"/opt/airflow/dags/tutorial_dag2.py","lineno":3,"logger":"py.warnings"}
{"timestamp":"2026-05-21T21:36:23.440501Z","level":"warning","event":"The `airflow.operators.python.BranchPythonOperator` attribute is deprecated. Please use `'airflow.providers.standard.operators.python.BranchPythonOperator'`.","category":"UserWarning","filename":"/opt/airflow/dags/tutorial_dag2.py","lineno":3,"logger":"py.warnings"}
{"timestamp":"2026-05-21T21:36:23.440611Z","level":"warning","event":"The `airflow.operators.bash.BashOperator` attribute is deprecated. Please use `'airflow.providers.standard.operators.bash.BashOperator'`.","category":"UserWarning","filename":"/opt/airflow/dags/tutorial_dag2.py","lineno":4,"logger":"py.warnings"}
{"timestamp":"2026-05-21T21:36:54.222428Z","level":"info","event":"Filling up the DagBag from /opt/airflow/dags/tutorial_dag2.py","logger":"airflow.dag_processing.dagbag.BundleDagBag","filename":"dagbag.py","lineno":469}
{"timestamp":"2026-05-21T21:36:54.251439Z","level":"warning","event":"The `airflow.operators.python.PythonOperator` attribute is deprecated. Please use `'airflow.providers.standard.operators.python.PythonOperator'`.","category":"UserWarning","filename":"/opt/airflow/dags/tutorial_dag2.py","lineno":3,"logger":"py.warnings"}
{"timestamp":"2026-05-21T21:36:54.251617Z","level":"warning","event":"The `airflow.operators.python.BranchPythonOperator` attribute is deprecated. Please use `'airflow.providers.standard.operators.python.BranchPythonOperator'`.","category":"UserWarning","filename":"/opt/airflow/dags/tutorial_dag2.py","lineno":3,"logger":"py.warnings"}
{"timestamp":"2026-05-21T21:36:54.251717Z","level":"warning","event":"The `airflow.operators.bash.BashOperator` attribute is deprecated. Please use `'airflow.providers.standard.operators.bash.BashOperator'`.","category":"UserWarning","filename":"/opt/airflow/dags/tutorial_dag2.py","lineno":4,"logger":"py.warnings"}
{"timestamp":"2026-05-21T21:37:24.478802Z","level":"info","event":"Filling up the DagBag from /opt/airflow/dags/tutorial_dag2.py","logger":"airflow.dag_processing.dagbag.BundleDagBag","filename":"dagbag.py","lineno":469}
{"timestamp":"2026-05-21T21:37:24.513714Z","level":"warning","event":"The `airflow.operators.python.PythonOperator` attribute is deprecated. Please use `'airflow.providers.standard.operators.python.PythonOperator'`.","category":"UserWarning","filename":"/opt/airflow/dags/tutorial_dag2.py","lineno":3,"logger":"py.warnings"}
{"timestamp":"2026-05-21T21:37:24.514157Z","level":"warning","event":"The `airflow.operators.python.BranchPythonOperator` attribute is deprecated. Please use `'airflow.providers.standard.operators.python.BranchPythonOperator'`.","category":"UserWarning","filename":"/opt/airflow/dags/tutorial_dag2.py","lineno":3,"logger":"py.warnings"}
{"timestamp":"2026-05-21T21:37:24.514435Z","level":"warning","event":"The `airflow.operators.bash.BashOperator` attribute is deprecated. Please use `'airflow.providers.standard.operators.bash.BashOperator'`.","category":"UserWarning","filename":"/opt/airflow/dags/tutorial_dag2.py","lineno":4,"logger":"py.warnings"}
{"timestamp":"2026-05-21T21:37:55.189627Z","level":"info","event":"Filling up the DagBag from /opt/airflow/dags/tutorial_dag2.py","logger":"airflow.dag_processing.dagbag.BundleDagBag","filename":"dagbag.py","lineno":469}
{"timestamp":"2026-05-21T21:37:55.251572Z","level":"warning","event":"The `airflow.operators.python.PythonOperator` attribute is deprecated. Please use `'airflow.providers.standard.operators.python.PythonOperator'`.","category":"UserWarning","filename":"/opt/airflow/dags/tutorial_dag2.py","lineno":3,"logger":"py.warnings"}
{"timestamp":"2026-05-21T21:37:55.251789Z","level":"warning","event":"The `airflow.operators.python.BranchPythonOperator` attribute is deprecated. Please use `'airflow.providers.standard.operators.python.BranchPythonOperator'`.","category":"UserWarning","filename":"/opt/airflow/dags/tutorial_dag2.py","lineno":3,"logger":"py.warnings"}
{"timestamp":"2026-05-21T21:37:55.251904Z","level":"warning","event":"The `airflow.operators.bash.BashOperator` attribute is deprecated. Please use `'airflow.providers.standard.operators.bash.BashOperator'`.","category":"UserWarning","filename":"/opt/airflow/dags/tutorial_dag2.py","lineno":4,"logger":"py.warnings"}
{"timestamp":"2026-05-21T21:39:06.416565Z","level":"info","event":"Filling up the DagBag from /opt/airflow/dags/tutorial_dag2.py","logger":"airflow.dag_processing.dagbag.BundleDagBag","filename":"dagbag.py","lineno":469}
{"timestamp":"2026-05-21T21:39:06.457813Z","level":"warning","event":"The `airflow.operators.python.PythonOperator` attribute is deprecated. Please use `'airflow.providers.standard.operators.python.PythonOperator'`.","category":"UserWarning","filename":"/opt/airflow/dags/tutorial_dag2.py","lineno":3,"logger":"py.warnings"}
{"timestamp":"2026-05-21T21:39:06.458076Z","level":"warning","event":"The `airflow.operators.python.BranchPythonOperator` attribute is deprecated. Please use `'airflow.providers.standard.operators.python.BranchPythonOperator'`.","category":"UserWarning","filename":"/opt/airflow/dags/tutorial_dag2.py","lineno":3,"logger":"py.warnings"}
{"timestamp":"2026-05-21T21:39:06.458191Z","level":"warning","event":"The `airflow.operators.bash.BashOperator` attribute is deprecated. Please use `'airflow.providers.standard.operators.bash.BashOperator'`.","category":"UserWarning","filename":"/opt/airflow/dags/tutorial_dag2.py","lineno":4,"logger":"py.warnings"}
{"timestamp":"2026-05-21T21:39:37.142461Z","level":"info","event":"Filling up the DagBag from /opt/airflow/dags/tutorial_dag2.py","logger":"airflow.dag_processing.dagbag.BundleDagBag","filename":"dagbag.py","lineno":469}
{"timestamp":"2026-05-21T21:39:37.172070Z","level":"warning","event":"The `airflow.operators.python.PythonOperator` attribute is deprecated. Please use `'airflow.providers.standard.operators.python.PythonOperator'`.","category":"UserWarning","filename":"/opt/airflow/dags/tutorial_dag2.py","lineno":3,"logger":"py.warnings"}
{"timestamp":"2026-05-21T21:39:37.172235Z","level":"warning","event":"The `airflow.operators.python.BranchPythonOperator` attribute is deprecated. Please use `'airflow.providers.standard.operators.python.BranchPythonOperator'`.","category":"UserWarning","filename":"/opt/airflow/dags/tutorial_dag2.py","lineno":3,"logger":"py.warnings"}
{"timestamp":"2026-05-21T21:39:37.172335Z","level":"warning","event":"The `airflow.operators.bash.BashOperator` attribute is deprecated. Please use `'airflow.providers.standard.operators.bash.BashOperator'`.","category":"UserWarning","filename":"/opt/airflow/dags/tutorial_dag2.py","lineno":4,"logger":"py.warnings"}
{"timestamp":"2026-05-21T21:40:07.848079Z","level":"info","event":"Filling up the DagBag from /opt/airflow/dags/tutorial_dag2.py","logger":"airflow.dag_processing.dagbag.BundleDagBag","filename":"dagbag.py","lineno":469}
{"timestamp":"2026-05-21T21:40:07.875593Z","level":"warning","event":"The `airflow.operators.python.PythonOperator` attribute is deprecated. Please use `'airflow.providers.standard.operators.python.PythonOperator'`.","category":"UserWarning","filename":"/opt/airflow/dags/tutorial_dag2.py","lineno":3,"logger":"py.warnings"}
{"timestamp":"2026-05-21T21:40:07.875767Z","level":"warning","event":"The `airflow.operators.python.BranchPythonOperator` attribute is deprecated. Please use `'airflow.providers.standard.operators.python.BranchPythonOperator'`.","category":"UserWarning","filename":"/opt/airflow/dags/tutorial_dag2.py","lineno":3,"logger":"py.warnings"}
{"timestamp":"2026-05-21T21:40:07.875867Z","level":"warning","event":"The `airflow.operators.bash.BashOperator` attribute is deprecated. Please use `'airflow.providers.standard.operators.bash.BashOperator'`.","category":"UserWarning","filename":"/opt/airflow/dags/tutorial_dag2.py","lineno":4,"logger":"py.warnings"}
{"timestamp":"2026-05-21T21:40:38.600550Z","level":"info","event":"Filling up the DagBag from /opt/airflow/dags/tutorial_dag2.py","logger":"airflow.dag_processing.dagbag.BundleDagBag","filename":"dagbag.py","lineno":469}
{"timestamp":"2026-05-21T21:40:38.641494Z","level":"warning","event":"The `airflow.operators.python.PythonOperator` attribute is deprecated. Please use `'airflow.providers.standard.operators.python.PythonOperator'`.","category":"UserWarning","filename":"/opt/airflow/dags/tutorial_dag2.py","lineno":3,"logger":"py.warnings"}
{"timestamp":"2026-05-21T21:40:38.641677Z","level":"warning","event":"The `airflow.operators.python.BranchPythonOperator` attribute is deprecated. Please use `'airflow.providers.standard.operators.python.BranchPythonOperator'`.","category":"UserWarning","filename":"/opt/airflow/dags/tutorial_dag2.py","lineno":3,"logger":"py.warnings"}
{"timestamp":"2026-05-21T21:40:38.641778Z","level":"warning","event":"The `airflow.operators.bash.BashOperator` attribute is deprecated. Please use `'airflow.providers.standard.operators.bash.BashOperator'`.","category":"UserWarning","filename":"/opt/airflow/dags/tutorial_dag2.py","lineno":4,"logger":"py.warnings"}
{"timestamp":"2026-05-21T21:41:09.033069Z","level":"info","event":"Filling up the DagBag from /opt/airflow/dags/tutorial_dag2.py","logger":"airflow.dag_processing.dagbag.BundleDagBag","filename":"dagbag.py","lineno":469}
{"timestamp":"2026-05-21T21:41:09.057280Z","level":"warning","event":"The `airflow.operators.python.PythonOperator` attribute is deprecated. Please use `'airflow.providers.standard.operators.python.PythonOperator'`.","category":"UserWarning","filename":"/opt/airflow/dags/tutorial_dag2.py","lineno":3,"logger":"py.warnings"}
{"timestamp":"2026-05-21T21:41:09.057439Z","level":"warning","event":"The `airflow.operators.python.BranchPythonOperator` attribute is deprecated. Please use `'airflow.providers.standard.operators.python.BranchPythonOperator'`.","category":"UserWarning","filename":"/opt/airflow/dags/tutorial_dag2.py","lineno":3,"logger":"py.warnings"}
{"timestamp":"2026-05-21T21:41:09.057539Z","level":"warning","event":"The `airflow.operators.bash.BashOperator` attribute is deprecated. Please use `'airflow.providers.standard.operators.bash.BashOperator'`.","category":"UserWarning","filename":"/opt/airflow/dags/tutorial_dag2.py","lineno":4,"logger":"py.warnings"}
{"timestamp":"2026-05-21T21:41:41.813749Z","level":"info","event":"Filling up the DagBag from /opt/airflow/dags/tutorial_dag2.py","logger":"airflow.dag_processing.dagbag.BundleDagBag","filename":"dagbag.py","lineno":469}
{"timestamp":"2026-05-21T21:41:41.841683Z","level":"warning","event":"The `airflow.operators.python.PythonOperator` attribute is deprecated. Please use `'airflow.providers.standard.operators.python.PythonOperator'`.","category":"UserWarning","filename":"/opt/airflow/dags/tutorial_dag2.py","lineno":3,"logger":"py.warnings"}
{"timestamp":"2026-05-21T21:41:41.842817Z","level":"warning","event":"The `airflow.operators.python.BranchPythonOperator` attribute is deprecated. Please use `'airflow.providers.standard.operators.python.BranchPythonOperator'`.","category":"UserWarning","filename":"/opt/airflow/dags/tutorial_dag2.py","lineno":3,"logger":"py.warnings"}
{"timestamp":"2026-05-21T21:41:41.843164Z","level":"warning","event":"The `airflow.operators.bash.BashOperator` attribute is deprecated. Please use `'airflow.providers.standard.operators.bash.BashOperator'`.","category":"UserWarning","filename":"/opt/airflow/dags/tutorial_dag2.py","lineno":4,"logger":"py.warnings"}
{"timestamp":"2026-05-21T21:42:12.842620Z","level":"info","event":"Filling up the DagBag from /opt/airflow/dags/tutorial_dag2.py","logger":"airflow.dag_processing.dagbag.BundleDagBag","filename":"dagbag.py","lineno":469}
{"timestamp":"2026-05-21T21:42:12.867043Z","level":"warning","event":"The `airflow.operators.python.PythonOperator` attribute is deprecated. Please use `'airflow.providers.standard.operators.python.PythonOperator'`.","category":"UserWarning","filename":"/opt/airflow/dags/tutorial_dag2.py","lineno":3,"logger":"py.warnings"}
{"timestamp":"2026-05-21T21:42:12.867202Z","level":"warning","event":"The `airflow.operators.python.BranchPythonOperator` attribute is deprecated. Please use `'airflow.providers.standard.operators.python.BranchPythonOperator'`.","category":"UserWarning","filename":"/opt/airflow/dags/tutorial_dag2.py","lineno":3,"logger":"py.warnings"}
{"timestamp":"2026-05-21T21:42:12.867304Z","level":"warning","event":"The `airflow.operators.bash.BashOperator` attribute is deprecated. Please use `'airflow.providers.standard.operators.bash.BashOperator'`.","category":"UserWarning","filename":"/opt/airflow/dags/tutorial_dag2.py","lineno":4,"logger":"py.warnings"}
{"timestamp":"2026-05-21T21:42:43.566892Z","level":"info","event":"Filling up the DagBag from /opt/airflow/dags/tutorial_dag2.py","logger":"airflow.dag_processing.dagbag.BundleDagBag","filename":"dagbag.py","lineno":469}
{"timestamp":"2026-05-21T21:42:43.593888Z","level":"warning","event":"The `airflow.operators.python.PythonOperator` attribute is deprecated. Please use `'airflow.providers.standard.operators.python.PythonOperator'`.","category":"UserWarning","filename":"/opt/airflow/dags/tutorial_dag2.py","lineno":3,"logger":"py.warnings"}
{"timestamp":"2026-05-21T21:42:43.594097Z","level":"warning","event":"The `airflow.operators.python.BranchPythonOperator` attribute is deprecated. Please use `'airflow.providers.standard.operators.python.BranchPythonOperator'`.","category":"UserWarning","filename":"/opt/airflow/dags/tutorial_dag2.py","lineno":3,"logger":"py.warnings"}
{"timestamp":"2026-05-21T21:42:43.594210Z","level":"warning","event":"The `airflow.operators.bash.BashOperator` attribute is deprecated. Please use `'airflow.providers.standard.operators.bash.BashOperator'`.","category":"UserWarning","filename":"/opt/airflow/dags/tutorial_dag2.py","lineno":4,"logger":"py.warnings"}
{"timestamp":"2026-05-21T21:43:14.561674Z","level":"info","event":"Filling up the DagBag from /opt/airflow/dags/tutorial_dag2.py","logger":"airflow.dag_processing.dagbag.BundleDagBag","filename":"dagbag.py","lineno":469}
{"timestamp":"2026-05-21T21:43:14.582728Z","level":"warning","event":"The `airflow.operators.python.PythonOperator` attribute is deprecated. Please use `'airflow.providers.standard.operators.python.PythonOperator'`.","category":"UserWarning","filename":"/opt/airflow/dags/tutorial_dag2.py","lineno":3,"logger":"py.warnings"}
{"timestamp":"2026-05-21T21:43:14.582897Z","level":"warning","event":"The `airflow.operators.python.BranchPythonOperator` attribute is deprecated. Please use `'airflow.providers.standard.operators.python.BranchPythonOperator'`.","category":"UserWarning","filename":"/opt/airflow/dags/tutorial_dag2.py","lineno":3,"logger":"py.warnings"}
{"timestamp":"2026-05-21T21:43:14.582998Z","level":"warning","event":"The `airflow.operators.bash.BashOperator` attribute is deprecated. Please use `'airflow.providers.standard.operators.bash.BashOperator'`.","category":"UserWarning","filename":"/opt/airflow/dags/tutorial_dag2.py","lineno":4,"logger":"py.warnings"}
{"timestamp":"2026-05-21T21:43:45.257255Z","level":"info","event":"Filling up the DagBag from /opt/airflow/dags/tutorial_dag2.py","logger":"airflow.dag_processing.dagbag.BundleDagBag","filename":"dagbag.py","lineno":469}
{"timestamp":"2026-05-21T21:43:45.282106Z","level":"warning","event":"The `airflow.operators.python.PythonOperator` attribute is deprecated. Please use `'airflow.providers.standard.operators.python.PythonOperator'`.","category":"UserWarning","filename":"/opt/airflow/dags/tutorial_dag2.py","lineno":3,"logger":"py.warnings"}
{"timestamp":"2026-05-21T21:43:45.282280Z","level":"warning","event":"The `airflow.operators.python.BranchPythonOperator` attribute is deprecated. Please use `'airflow.providers.standard.operators.python.BranchPythonOperator'`.","category":"UserWarning","filename":"/opt/airflow/dags/tutorial_dag2.py","lineno":3,"logger":"py.warnings"}
{"timestamp":"2026-05-21T21:43:45.282379Z","level":"warning","event":"The `airflow.operators.bash.BashOperator` attribute is deprecated. Please use `'airflow.providers.standard.operators.bash.BashOperator'`.","category":"UserWarning","filename":"/opt/airflow/dags/tutorial_dag2.py","lineno":4,"logger":"py.warnings"}
{"timestamp":"2026-05-21T21:44:15.866403Z","level":"info","event":"Filling up the DagBag from /opt/airflow/dags/tutorial_dag2.py","logger":"airflow.dag_processing.dagbag.BundleDagBag","filename":"dagbag.py","lineno":469}
{"timestamp":"2026-05-21T21:44:15.889287Z","level":"warning","event":"The `airflow.operators.python.PythonOperator` attribute is deprecated. Please use `'airflow.providers.standard.operators.python.PythonOperator'`.","category":"UserWarning","filename":"/opt/airflow/dags/tutorial_dag2.py","lineno":3,"logger":"py.warnings"}
{"timestamp":"2026-05-21T21:44:15.889441Z","level":"warning","event":"The `airflow.operators.python.BranchPythonOperator` attribute is deprecated. Please use `'airflow.providers.standard.operators.python.BranchPythonOperator'`.","category":"UserWarning","filename":"/opt/airflow/dags/tutorial_dag2.py","lineno":3,"logger":"py.warnings"}
{"timestamp":"2026-05-21T21:44:15.889548Z","level":"warning","event":"The `airflow.operators.bash.BashOperator` attribute is deprecated. Please use `'airflow.providers.standard.operators.bash.BashOperator'`.","category":"UserWarning","filename":"/opt/airflow/dags/tutorial_dag2.py","lineno":4,"logger":"py.warnings"}
{"timestamp":"2026-05-21T21:44:46.281356Z","level":"info","event":"Filling up the DagBag from /opt/airflow/dags/tutorial_dag2.py","logger":"airflow.dag_processing.dagbag.BundleDagBag","filename":"dagbag.py","lineno":469}
{"timestamp":"2026-05-21T21:44:46.353740Z","level":"warning","event":"The `airflow.operators.python.PythonOperator` attribute is deprecated. Please use `'airflow.providers.standard.operators.python.PythonOperator'`.","category":"UserWarning","filename":"/opt/airflow/dags/tutorial_dag2.py","lineno":3,"logger":"py.warnings"}
{"timestamp":"2026-05-21T21:44:46.353971Z","level":"warning","event":"The `airflow.operators.python.BranchPythonOperator` attribute is deprecated. Please use `'airflow.providers.standard.operators.python.BranchPythonOperator'`.","category":"UserWarning","filename":"/opt/airflow/dags/tutorial_dag2.py","lineno":3,"logger":"py.warnings"}
{"timestamp":"2026-05-21T21:44:46.354081Z","level":"warning","event":"The `airflow.operators.bash.BashOperator` attribute is deprecated. Please use `'airflow.providers.standard.operators.bash.BashOperator'`.","category":"UserWarning","filename":"/opt/airflow/dags/tutorial_dag2.py","lineno":4,"logger":"py.warnings"}
{"timestamp":"2026-05-21T21:45:16.712394Z","level":"info","event":"Filling up the DagBag from /opt/airflow/dags/tutorial_dag2.py","logger":"airflow.dag_processing.dagbag.BundleDagBag","filename":"dagbag.py","lineno":469}
{"timestamp":"2026-05-21T21:45:16.737134Z","level":"warning","event":"The `airflow.operators.python.PythonOperator` attribute is deprecated. Please use `'airflow.providers.standard.operators.python.PythonOperator'`.","category":"UserWarning","filename":"/opt/airflow/dags/tutorial_dag2.py","lineno":3,"logger":"py.warnings"}
{"timestamp":"2026-05-21T21:45:16.737334Z","level":"warning","event":"The `airflow.operators.python.BranchPythonOperator` attribute is deprecated. Please use `'airflow.providers.standard.operators.python.BranchPythonOperator'`.","category":"UserWarning","filename":"/opt/airflow/dags/tutorial_dag2.py","lineno":3,"logger":"py.warnings"}
{"timestamp":"2026-05-21T21:45:16.737441Z","level":"warning","event":"The `airflow.operators.bash.BashOperator` attribute is deprecated. Please use `'airflow.providers.standard.operators.bash.BashOperator'`.","category":"UserWarning","filename":"/opt/airflow/dags/tutorial_dag2.py","lineno":4,"logger":"py.warnings"}
{"timestamp":"2026-05-21T21:45:47.041969Z","level":"info","event":"Filling up the DagBag from /opt/airflow/dags/tutorial_dag2.py","logger":"airflow.dag_processing.dagbag.BundleDagBag","filename":"dagbag.py","lineno":469}
{"timestamp":"2026-05-21T21:45:47.069919Z","level":"warning","event":"The `airflow.operators.python.PythonOperator` attribute is deprecated. Please use `'airflow.providers.standard.operators.python.PythonOperator'`.","category":"UserWarning","filename":"/opt/airflow/dags/tutorial_dag2.py","lineno":3,"logger":"py.warnings"}
{"timestamp":"2026-05-21T21:45:47.070084Z","level":"warning","event":"The `airflow.operators.python.BranchPythonOperator` attribute is deprecated. Please use `'airflow.providers.standard.operators.python.BranchPythonOperator'`.","category":"UserWarning","filename":"/opt/airflow/dags/tutorial_dag2.py","lineno":3,"logger":"py.warnings"}
{"timestamp":"2026-05-21T21:45:47.070219Z","level":"warning","event":"The `airflow.operators.bash.BashOperator` attribute is deprecated. Please use `'airflow.providers.standard.operators.bash.BashOperator'`.","category":"UserWarning","filename":"/opt/airflow/dags/tutorial_dag2.py","lineno":4,"logger":"py.warnings"}
{"timestamp":"2026-05-21T21:46:17.523746Z","level":"info","event":"Filling up the DagBag from /opt/airflow/dags/tutorial_dag2.py","logger":"airflow.dag_processing.dagbag.BundleDagBag","filename":"dagbag.py","lineno":469}
{"timestamp":"2026-05-21T21:46:17.547111Z","level":"warning","event":"The `airflow.operators.python.PythonOperator` attribute is deprecated. Please use `'airflow.providers.standard.operators.python.PythonOperator'`.","category":"UserWarning","filename":"/opt/airflow/dags/tutorial_dag2.py","lineno":3,"logger":"py.warnings"}
{"timestamp":"2026-05-21T21:46:17.547275Z","level":"warning","event":"The `airflow.operators.python.BranchPythonOperator` attribute is deprecated. Please use `'airflow.providers.standard.operators.python.BranchPythonOperator'`.","category":"UserWarning","filename":"/opt/airflow/dags/tutorial_dag2.py","lineno":3,"logger":"py.warnings"}
{"timestamp":"2026-05-21T21:46:17.547384Z","level":"warning","event":"The `airflow.operators.bash.BashOperator` attribute is deprecated. Please use `'airflow.providers.standard.operators.bash.BashOperator'`.","category":"UserWarning","filename":"/opt/airflow/dags/tutorial_dag2.py","lineno":4,"logger":"py.warnings"}
{"timestamp":"2026-05-21T21:46:47.765025Z","level":"info","event":"Filling up the DagBag from /opt/airflow/dags/tutorial_dag2.py","logger":"airflow.dag_processing.dagbag.BundleDagBag","filename":"dagbag.py","lineno":469}
{"timestamp":"2026-05-21T21:46:47.796417Z","level":"warning","event":"The `airflow.operators.python.PythonOperator` attribute is deprecated. Please use `'airflow.providers.standard.operators.python.PythonOperator'`.","category":"UserWarning","filename":"/opt/airflow/dags/tutorial_dag2.py","lineno":3,"logger":"py.warnings"}
{"timestamp":"2026-05-21T21:46:47.796637Z","level":"warning","event":"The `airflow.operators.python.BranchPythonOperator` attribute is deprecated. Please use `'airflow.providers.standard.operators.python.BranchPythonOperator'`.","category":"UserWarning","filename":"/opt/airflow/dags/tutorial_dag2.py","lineno":3,"logger":"py.warnings"}
{"timestamp":"2026-05-21T21:46:47.796743Z","level":"warning","event":"The `airflow.operators.bash.BashOperator` attribute is deprecated. Please use `'airflow.providers.standard.operators.bash.BashOperator'`.","category":"UserWarning","filename":"/opt/airflow/dags/tutorial_dag2.py","lineno":4,"logger":"py.warnings"}
{"timestamp":"2026-05-21T21:47:18.061602Z","level":"info","event":"Filling up the DagBag from /opt/airflow/dags/tutorial_dag2.py","logger":"airflow.dag_processing.dagbag.BundleDagBag","filename":"dagbag.py","lineno":469}
{"timestamp":"2026-05-21T21:47:18.084285Z","level":"warning","event":"The `airflow.operators.python.PythonOperator` attribute is deprecated. Please use `'airflow.providers.standard.operators.python.PythonOperator'`.","category":"UserWarning","filename":"/opt/airflow/dags/tutorial_dag2.py","lineno":3,"logger":"py.warnings"}
{"timestamp":"2026-05-21T21:47:18.084494Z","level":"warning","event":"The `airflow.operators.python.BranchPythonOperator` attribute is deprecated. Please use `'airflow.providers.standard.operators.python.BranchPythonOperator'`.","category":"UserWarning","filename":"/opt/airflow/dags/tutorial_dag2.py","lineno":3,"logger":"py.warnings"}
{"timestamp":"2026-05-21T21:47:18.084598Z","level":"warning","event":"The `airflow.operators.bash.BashOperator` attribute is deprecated. Please use `'airflow.providers.standard.operators.bash.BashOperator'`.","category":"UserWarning","filename":"/opt/airflow/dags/tutorial_dag2.py","lineno":4,"logger":"py.warnings"}
{"timestamp":"2026-05-21T21:47:52.502642Z","level":"info","event":"Filling up the DagBag from /opt/airflow/dags/tutorial_dag2.py","logger":"airflow.dag_processing.dagbag.BundleDagBag","filename":"dagbag.py","lineno":469}
{"timestamp":"2026-05-21T21:47:52.608840Z","level":"warning","event":"The `airflow.operators.python.PythonOperator` attribute is deprecated. Please use `'airflow.providers.standard.operators.python.PythonOperator'`.","category":"UserWarning","filename":"/opt/airflow/dags/tutorial_dag2.py","lineno":3,"logger":"py.warnings"}
{"timestamp":"2026-05-21T21:47:52.609014Z","level":"warning","event":"The `airflow.operators.python.BranchPythonOperator` attribute is deprecated. Please use `'airflow.providers.standard.operators.python.BranchPythonOperator'`.","category":"UserWarning","filename":"/opt/airflow/dags/tutorial_dag2.py","lineno":3,"logger":"py.warnings"}
{"timestamp":"2026-05-21T21:47:52.609367Z","level":"warning","event":"The `airflow.operators.bash.BashOperator` attribute is deprecated. Please use `'airflow.providers.standard.operators.bash.BashOperator'`.","category":"UserWarning","filename":"/opt/airflow/dags/tutorial_dag2.py","lineno":4,"logger":"py.warnings"}
{"timestamp":"2026-05-21T21:48:23.278752Z","level":"info","event":"Filling up the DagBag from /opt/airflow/dags/tutorial_dag2.py","logger":"airflow.dag_processing.dagbag.BundleDagBag","filename":"dagbag.py","lineno":469}
{"timestamp":"2026-05-21T21:48:23.328848Z","level":"warning","event":"The `airflow.operators.python.PythonOperator` attribute is deprecated. Please use `'airflow.providers.standard.operators.python.PythonOperator'`.","category":"UserWarning","filename":"/opt/airflow/dags/tutorial_dag2.py","lineno":3,"logger":"py.warnings"}
{"timestamp":"2026-05-21T21:48:23.329409Z","level":"warning","event":"The `airflow.operators.python.BranchPythonOperator` attribute is deprecated. Please use `'airflow.providers.standard.operators.python.BranchPythonOperator'`.","category":"UserWarning","filename":"/opt/airflow/dags/tutorial_dag2.py","lineno":3,"logger":"py.warnings"}
{"timestamp":"2026-05-21T21:48:23.329544Z","level":"warning","event":"The `airflow.operators.bash.BashOperator` attribute is deprecated. Please use `'airflow.providers.standard.operators.bash.BashOperator'`.","category":"UserWarning","filename":"/opt/airflow/dags/tutorial_dag2.py","lineno":4,"logger":"py.warnings"}
{"timestamp":"2026-05-21T21:48:53.632335Z","level":"info","event":"Filling up the DagBag from /opt/airflow/dags/tutorial_dag2.py","logger":"airflow.dag_processing.dagbag.BundleDagBag","filename":"dagbag.py","lineno":469}
{"timestamp":"2026-05-21T21:48:53.655808Z","level":"warning","event":"The `airflow.operators.python.PythonOperator` attribute is deprecated. Please use `'airflow.providers.standard.operators.python.PythonOperator'`.","category":"UserWarning","filename":"/opt/airflow/dags/tutorial_dag2.py","lineno":3,"logger":"py.warnings"}
{"timestamp":"2026-05-21T21:48:53.656010Z","level":"warning","event":"The `airflow.operators.python.BranchPythonOperator` attribute is deprecated. Please use `'airflow.providers.standard.operators.python.BranchPythonOperator'`.","category":"UserWarning","filename":"/opt/airflow/dags/tutorial_dag2.py","lineno":3,"logger":"py.warnings"}
{"timestamp":"2026-05-21T21:48:53.656113Z","level":"warning","event":"The `airflow.operators.bash.BashOperator` attribute is deprecated. Please use `'airflow.providers.standard.operators.bash.BashOperator'`.","category":"UserWarning","filename":"/opt/airflow/dags/tutorial_dag2.py","lineno":4,"logger":"py.warnings"}
{"timestamp":"2026-05-21T21:49:24.329018Z","level":"info","event":"Filling up the DagBag from /opt/airflow/dags/tutorial_dag2.py","logger":"airflow.dag_processing.dagbag.BundleDagBag","filename":"dagbag.py","lineno":469}
{"timestamp":"2026-05-21T21:49:24.400576Z","level":"warning","event":"The `airflow.operators.python.PythonOperator` attribute is deprecated. Please use `'airflow.providers.standard.operators.python.PythonOperator'`.","category":"UserWarning","filename":"/opt/airflow/dags/tutorial_dag2.py","lineno":3,"logger":"py.warnings"}
{"timestamp":"2026-05-21T21:49:24.400769Z","level":"warning","event":"The `airflow.operators.python.BranchPythonOperator` attribute is deprecated. Please use `'airflow.providers.standard.operators.python.BranchPythonOperator'`.","category":"UserWarning","filename":"/opt/airflow/dags/tutorial_dag2.py","lineno":3,"logger":"py.warnings"}
{"timestamp":"2026-05-21T21:49:24.400872Z","level":"warning","event":"The `airflow.operators.bash.BashOperator` attribute is deprecated. Please use `'airflow.providers.standard.operators.bash.BashOperator'`.","category":"UserWarning","filename":"/opt/airflow/dags/tutorial_dag2.py","lineno":4,"logger":"py.warnings"}
{"timestamp":"2026-05-21T21:49:54.831256Z","level":"info","event":"Filling up the DagBag from /opt/airflow/dags/tutorial_dag2.py","logger":"airflow.dag_processing.dagbag.BundleDagBag","filename":"dagbag.py","lineno":469}
{"timestamp":"2026-05-21T21:49:54.870592Z","level":"warning","event":"The `airflow.operators.python.PythonOperator` attribute is deprecated. Please use `'airflow.providers.standard.operators.python.PythonOperator'`.","category":"UserWarning","filename":"/opt/airflow/dags/tutorial_dag2.py","lineno":3,"logger":"py.warnings"}
{"timestamp":"2026-05-21T21:49:54.870803Z","level":"warning","event":"The `airflow.operators.python.BranchPythonOperator` attribute is deprecated. Please use `'airflow.providers.standard.operators.python.BranchPythonOperator'`.","category":"UserWarning","filename":"/opt/airflow/dags/tutorial_dag2.py","lineno":3,"logger":"py.warnings"}
{"timestamp":"2026-05-21T21:49:54.870911Z","level":"warning","event":"The `airflow.operators.bash.BashOperator` attribute is deprecated. Please use `'airflow.providers.standard.operators.bash.BashOperator'`.","category":"UserWarning","filename":"/opt/airflow/dags/tutorial_dag2.py","lineno":4,"logger":"py.warnings"}
{"timestamp":"2026-05-21T21:50:25.558138Z","level":"info","event":"Filling up the DagBag from /opt/airflow/dags/tutorial_dag2.py","logger":"airflow.dag_processing.dagbag.BundleDagBag","filename":"dagbag.py","lineno":469}
{"timestamp":"2026-05-21T21:50:25.579726Z","level":"warning","event":"The `airflow.operators.python.PythonOperator` attribute is deprecated. Please use `'airflow.providers.standard.operators.python.PythonOperator'`.","category":"UserWarning","filename":"/opt/airflow/dags/tutorial_dag2.py","lineno":3,"logger":"py.warnings"}
{"timestamp":"2026-05-21T21:50:25.579910Z","level":"warning","event":"The `airflow.operators.python.BranchPythonOperator` attribute is deprecated. Please use `'airflow.providers.standard.operators.python.BranchPythonOperator'`.","category":"UserWarning","filename":"/opt/airflow/dags/tutorial_dag2.py","lineno":3,"logger":"py.warnings"}
{"timestamp":"2026-05-21T21:50:25.580012Z","level":"warning","event":"The `airflow.operators.bash.BashOperator` attribute is deprecated. Please use `'airflow.providers.standard.operators.bash.BashOperator'`.","category":"UserWarning","filename":"/opt/airflow/dags/tutorial_dag2.py","lineno":4,"logger":"py.warnings"}
{"timestamp":"2026-05-21T21:50:56.525058Z","level":"info","event":"Filling up the DagBag from /opt/airflow/dags/tutorial_dag2.py","logger":"airflow.dag_processing.dagbag.BundleDagBag","filename":"dagbag.py","lineno":469}
{"timestamp":"2026-05-21T21:50:56.568184Z","level":"warning","event":"The `airflow.operators.python.PythonOperator` attribute is deprecated. Please use `'airflow.providers.standard.operators.python.PythonOperator'`.","category":"UserWarning","filename":"/opt/airflow/dags/tutorial_dag2.py","lineno":3,"logger":"py.warnings"}
{"timestamp":"2026-05-21T21:50:56.568434Z","level":"warning","event":"The `airflow.operators.python.BranchPythonOperator` attribute is deprecated. Please use `'airflow.providers.standard.operators.python.BranchPythonOperator'`.","category":"UserWarning","filename":"/opt/airflow/dags/tutorial_dag2.py","lineno":3,"logger":"py.warnings"}
{"timestamp":"2026-05-21T21:50:56.568547Z","level":"warning","event":"The `airflow.operators.bash.BashOperator` attribute is deprecated. Please use `'airflow.providers.standard.operators.bash.BashOperator'`.","category":"UserWarning","filename":"/opt/airflow/dags/tutorial_dag2.py","lineno":4,"logger":"py.warnings"}
{"timestamp":"2026-05-21T21:51:27.211304Z","level":"info","event":"Filling up the DagBag from /opt/airflow/dags/tutorial_dag2.py","logger":"airflow.dag_processing.dagbag.BundleDagBag","filename":"dagbag.py","lineno":469}
{"timestamp":"2026-05-21T21:51:27.248064Z","level":"warning","event":"The `airflow.operators.python.PythonOperator` attribute is deprecated. Please use `'airflow.providers.standard.operators.python.PythonOperator'`.","category":"UserWarning","filename":"/opt/airflow/dags/tutorial_dag2.py","lineno":3,"logger":"py.warnings"}
{"timestamp":"2026-05-21T21:51:27.248268Z","level":"warning","event":"The `airflow.operators.python.BranchPythonOperator` attribute is deprecated. Please use `'airflow.providers.standard.operators.python.BranchPythonOperator'`.","category":"UserWarning","filename":"/opt/airflow/dags/tutorial_dag2.py","lineno":3,"logger":"py.warnings"}
{"timestamp":"2026-05-21T21:51:27.248376Z","level":"warning","event":"The `airflow.operators.bash.BashOperator` attribute is deprecated. Please use `'airflow.providers.standard.operators.bash.BashOperator'`.","category":"UserWarning","filename":"/opt/airflow/dags/tutorial_dag2.py","lineno":4,"logger":"py.warnings"}
{"timestamp":"2026-05-21T21:51:57.542569Z","level":"info","event":"Filling up the DagBag from /opt/airflow/dags/tutorial_dag2.py","logger":"airflow.dag_processing.dagbag.BundleDagBag","filename":"dagbag.py","lineno":469}
{"timestamp":"2026-05-21T21:51:57.563725Z","level":"warning","event":"The `airflow.operators.python.PythonOperator` attribute is deprecated. Please use `'airflow.providers.standard.operators.python.PythonOperator'`.","category":"UserWarning","filename":"/opt/airflow/dags/tutorial_dag2.py","lineno":3,"logger":"py.warnings"}
{"timestamp":"2026-05-21T21:51:57.563898Z","level":"warning","event":"The `airflow.operators.python.BranchPythonOperator` attribute is deprecated. Please use `'airflow.providers.standard.operators.python.BranchPythonOperator'`.","category":"UserWarning","filename":"/opt/airflow/dags/tutorial_dag2.py","lineno":3,"logger":"py.warnings"}
{"timestamp":"2026-05-21T21:51:57.564003Z","level":"warning","event":"The `airflow.operators.bash.BashOperator` attribute is deprecated. Please use `'airflow.providers.standard.operators.bash.BashOperator'`.","category":"UserWarning","filename":"/opt/airflow/dags/tutorial_dag2.py","lineno":4,"logger":"py.warnings"}
{"timestamp":"2026-05-21T21:52:28.411450Z","level":"info","event":"Filling up the DagBag from /opt/airflow/dags/tutorial_dag2.py","logger":"airflow.dag_processing.dagbag.BundleDagBag","filename":"dagbag.py","lineno":469}
{"timestamp":"2026-05-21T21:52:28.454694Z","level":"warning","event":"The `airflow.operators.python.PythonOperator` attribute is deprecated. Please use `'airflow.providers.standard.operators.python.PythonOperator'`.","category":"UserWarning","filename":"/opt/airflow/dags/tutorial_dag2.py","lineno":3,"logger":"py.warnings"}
{"timestamp":"2026-05-21T21:52:28.454883Z","level":"warning","event":"The `airflow.operators.python.BranchPythonOperator` attribute is deprecated. Please use `'airflow.providers.standard.operators.python.BranchPythonOperator'`.","category":"UserWarning","filename":"/opt/airflow/dags/tutorial_dag2.py","lineno":3,"logger":"py.warnings"}
{"timestamp":"2026-05-21T21:52:28.455004Z","level":"warning","event":"The `airflow.operators.bash.BashOperator` attribute is deprecated. Please use `'airflow.providers.standard.operators.bash.BashOperator'`.","category":"UserWarning","filename":"/opt/airflow/dags/tutorial_dag2.py","lineno":4,"logger":"py.warnings"}
{"timestamp":"2026-05-21T21:52:58.706771Z","level":"info","event":"Filling up the DagBag from /opt/airflow/dags/tutorial_dag2.py","logger":"airflow.dag_processing.dagbag.BundleDagBag","filename":"dagbag.py","lineno":469}
{"timestamp":"2026-05-21T21:52:58.730560Z","level":"warning","event":"The `airflow.operators.python.PythonOperator` attribute is deprecated. Please use `'airflow.providers.standard.operators.python.PythonOperator'`.","category":"UserWarning","filename":"/opt/airflow/dags/tutorial_dag2.py","lineno":3,"logger":"py.warnings"}
{"timestamp":"2026-05-21T21:52:58.730727Z","level":"warning","event":"The `airflow.operators.python.BranchPythonOperator` attribute is deprecated. Please use `'airflow.providers.standard.operators.python.BranchPythonOperator'`.","category":"UserWarning","filename":"/opt/airflow/dags/tutorial_dag2.py","lineno":3,"logger":"py.warnings"}
{"timestamp":"2026-05-21T21:52:58.730834Z","level":"warning","event":"The `airflow.operators.bash.BashOperator` attribute is deprecated. Please use `'airflow.providers.standard.operators.bash.BashOperator'`.","category":"UserWarning","filename":"/opt/airflow/dags/tutorial_dag2.py","lineno":4,"logger":"py.warnings"}
{"timestamp":"2026-05-21T21:53:28.994242Z","level":"info","event":"Filling up the DagBag from /opt/airflow/dags/tutorial_dag2.py","logger":"airflow.dag_processing.dagbag.BundleDagBag","filename":"dagbag.py","lineno":469}
{"timestamp":"2026-05-21T21:53:29.015667Z","level":"warning","event":"The `airflow.operators.python.PythonOperator` attribute is deprecated. Please use `'airflow.providers.standard.operators.python.PythonOperator'`.","category":"UserWarning","filename":"/opt/airflow/dags/tutorial_dag2.py","lineno":3,"logger":"py.warnings"}
{"timestamp":"2026-05-21T21:53:29.015844Z","level":"warning","event":"The `airflow.operators.python.BranchPythonOperator` attribute is deprecated. Please use `'airflow.providers.standard.operators.python.BranchPythonOperator'`.","category":"UserWarning","filename":"/opt/airflow/dags/tutorial_dag2.py","lineno":3,"logger":"py.warnings"}
{"timestamp":"2026-05-21T21:53:29.015965Z","level":"warning","event":"The `airflow.operators.bash.BashOperator` attribute is deprecated. Please use `'airflow.providers.standard.operators.bash.BashOperator'`.","category":"UserWarning","filename":"/opt/airflow/dags/tutorial_dag2.py","lineno":4,"logger":"py.warnings"}
{"timestamp":"2026-05-21T21:53:59.479357Z","level":"info","event":"Filling up the DagBag from /opt/airflow/dags/tutorial_dag2.py","logger":"airflow.dag_processing.dagbag.BundleDagBag","filename":"dagbag.py","lineno":469}
{"timestamp":"2026-05-21T21:53:59.501266Z","level":"warning","event":"The `airflow.operators.python.PythonOperator` attribute is deprecated. Please use `'airflow.providers.standard.operators.python.PythonOperator'`.","category":"UserWarning","filename":"/opt/airflow/dags/tutorial_dag2.py","lineno":3,"logger":"py.warnings"}
{"timestamp":"2026-05-21T21:53:59.501439Z","level":"warning","event":"The `airflow.operators.python.BranchPythonOperator` attribute is deprecated. Please use `'airflow.providers.standard.operators.python.BranchPythonOperator'`.","category":"UserWarning","filename":"/opt/airflow/dags/tutorial_dag2.py","lineno":3,"logger":"py.warnings"}
{"timestamp":"2026-05-21T21:53:59.501541Z","level":"warning","event":"The `airflow.operators.bash.BashOperator` attribute is deprecated. Please use `'airflow.providers.standard.operators.bash.BashOperator'`.","category":"UserWarning","filename":"/opt/airflow/dags/tutorial_dag2.py","lineno":4,"logger":"py.warnings"}
{"timestamp":"2026-05-21T21:54:29.958238Z","level":"info","event":"Filling up the DagBag from /opt/airflow/dags/tutorial_dag2.py","logger":"airflow.dag_processing.dagbag.BundleDagBag","filename":"dagbag.py","lineno":469}
{"timestamp":"2026-05-21T21:54:29.979600Z","level":"warning","event":"The `airflow.operators.python.PythonOperator` attribute is deprecated. Please use `'airflow.providers.standard.operators.python.PythonOperator'`.","category":"UserWarning","filename":"/opt/airflow/dags/tutorial_dag2.py","lineno":3,"logger":"py.warnings"}
{"timestamp":"2026-05-21T21:54:29.979763Z","level":"warning","event":"The `airflow.operators.python.BranchPythonOperator` attribute is deprecated. Please use `'airflow.providers.standard.operators.python.BranchPythonOperator'`.","category":"UserWarning","filename":"/opt/airflow/dags/tutorial_dag2.py","lineno":3,"logger":"py.warnings"}
{"timestamp":"2026-05-21T21:54:29.979870Z","level":"warning","event":"The `airflow.operators.bash.BashOperator` attribute is deprecated. Please use `'airflow.providers.standard.operators.bash.BashOperator'`.","category":"UserWarning","filename":"/opt/airflow/dags/tutorial_dag2.py","lineno":4,"logger":"py.warnings"}
{"timestamp":"2026-05-21T22:00:47.851427Z","level":"info","event":"Filling up the DagBag from /opt/airflow/dags/tutorial_dag2.py","logger":"airflow.dag_processing.dagbag.BundleDagBag","filename":"dagbag.py","lineno":469}
{"timestamp":"2026-05-21T22:00:47.871344Z","level":"warning","event":"The `airflow.operators.python.PythonOperator` attribute is deprecated. Please use `'airflow.providers.standard.operators.python.PythonOperator'`.","category":"UserWarning","filename":"/opt/airflow/dags/tutorial_dag2.py","lineno":3,"logger":"py.warnings"}
{"timestamp":"2026-05-21T22:00:47.871543Z","level":"warning","event":"The `airflow.operators.python.BranchPythonOperator` attribute is deprecated. Please use `'airflow.providers.standard.operators.python.BranchPythonOperator'`.","category":"UserWarning","filename":"/opt/airflow/dags/tutorial_dag2.py","lineno":3,"logger":"py.warnings"}
{"timestamp":"2026-05-21T22:00:47.871644Z","level":"warning","event":"The `airflow.operators.bash.BashOperator` attribute is deprecated. Please use `'airflow.providers.standard.operators.bash.BashOperator'`.","category":"UserWarning","filename":"/opt/airflow/dags/tutorial_dag2.py","lineno":4,"logger":"py.warnings"}
{"timestamp":"2026-05-21T22:01:18.638482Z","level":"info","event":"Filling up the DagBag from /opt/airflow/dags/tutorial_dag2.py","logger":"airflow.dag_processing.dagbag.BundleDagBag","filename":"dagbag.py","lineno":469}
{"timestamp":"2026-05-21T22:01:18.664440Z","level":"warning","event":"The `airflow.operators.python.PythonOperator` attribute is deprecated. Please use `'airflow.providers.standard.operators.python.PythonOperator'`.","category":"UserWarning","filename":"/opt/airflow/dags/tutorial_dag2.py","lineno":3,"logger":"py.warnings"}
{"timestamp":"2026-05-21T22:01:18.664602Z","level":"warning","event":"The `airflow.operators.python.BranchPythonOperator` attribute is deprecated. Please use `'airflow.providers.standard.operators.python.BranchPythonOperator'`.","category":"UserWarning","filename":"/opt/airflow/dags/tutorial_dag2.py","lineno":3,"logger":"py.warnings"}
{"timestamp":"2026-05-21T22:01:18.664698Z","level":"warning","event":"The `airflow.operators.bash.BashOperator` attribute is deprecated. Please use `'airflow.providers.standard.operators.bash.BashOperator'`.","category":"UserWarning","filename":"/opt/airflow/dags/tutorial_dag2.py","lineno":4,"logger":"py.warnings"}
{"timestamp":"2026-05-21T22:01:50.661506Z","level":"info","event":"Filling up the DagBag from /opt/airflow/dags/tutorial_dag2.py","logger":"airflow.dag_processing.dagbag.BundleDagBag","filename":"dagbag.py","lineno":469}
{"timestamp":"2026-05-21T22:01:50.742297Z","level":"warning","event":"The `airflow.operators.python.PythonOperator` attribute is deprecated. Please use `'airflow.providers.standard.operators.python.PythonOperator'`.","category":"UserWarning","filename":"/opt/airflow/dags/tutorial_dag2.py","lineno":3,"logger":"py.warnings"}
{"timestamp":"2026-05-21T22:01:50.742465Z","level":"warning","event":"The `airflow.operators.python.BranchPythonOperator` attribute is deprecated. Please use `'airflow.providers.standard.operators.python.BranchPythonOperator'`.","category":"UserWarning","filename":"/opt/airflow/dags/tutorial_dag2.py","lineno":3,"logger":"py.warnings"}
{"timestamp":"2026-05-21T22:01:50.742566Z","level":"warning","event":"The `airflow.operators.bash.BashOperator` attribute is deprecated. Please use `'airflow.providers.standard.operators.bash.BashOperator'`.","category":"UserWarning","filename":"/opt/airflow/dags/tutorial_dag2.py","lineno":4,"logger":"py.warnings"}
{"timestamp":"2026-05-21T22:02:21.103480Z","level":"info","event":"Filling up the DagBag from /opt/airflow/dags/tutorial_dag2.py","logger":"airflow.dag_processing.dagbag.BundleDagBag","filename":"dagbag.py","lineno":469}
{"timestamp":"2026-05-21T22:02:21.124073Z","level":"warning","event":"The `airflow.operators.python.PythonOperator` attribute is deprecated. Please use `'airflow.providers.standard.operators.python.PythonOperator'`.","category":"UserWarning","filename":"/opt/airflow/dags/tutorial_dag2.py","lineno":3,"logger":"py.warnings"}
{"timestamp":"2026-05-21T22:02:21.124289Z","level":"warning","event":"The `airflow.operators.python.BranchPythonOperator` attribute is deprecated. Please use `'airflow.providers.standard.operators.python.BranchPythonOperator'`.","category":"UserWarning","filename":"/opt/airflow/dags/tutorial_dag2.py","lineno":3,"logger":"py.warnings"}
{"timestamp":"2026-05-21T22:02:21.124393Z","level":"warning","event":"The `airflow.operators.bash.BashOperator` attribute is deprecated. Please use `'airflow.providers.standard.operators.bash.BashOperator'`.","category":"UserWarning","filename":"/opt/airflow/dags/tutorial_dag2.py","lineno":4,"logger":"py.warnings"}
{"timestamp":"2026-05-21T22:02:51.338238Z","level":"info","event":"Filling up the DagBag from /opt/airflow/dags/tutorial_dag2.py","logger":"airflow.dag_processing.dagbag.BundleDagBag","filename":"dagbag.py","lineno":469}
{"timestamp":"2026-05-21T22:02:51.362901Z","level":"warning","event":"The `airflow.operators.python.PythonOperator` attribute is deprecated. Please use `'airflow.providers.standard.operators.python.PythonOperator'`.","category":"UserWarning","filename":"/opt/airflow/dags/tutorial_dag2.py","lineno":3,"logger":"py.warnings"}
{"timestamp":"2026-05-21T22:02:51.363074Z","level":"warning","event":"The `airflow.operators.python.BranchPythonOperator` attribute is deprecated. Please use `'airflow.providers.standard.operators.python.BranchPythonOperator'`.","category":"UserWarning","filename":"/opt/airflow/dags/tutorial_dag2.py","lineno":3,"logger":"py.warnings"}
{"timestamp":"2026-05-21T22:02:51.363215Z","level":"warning","event":"The `airflow.operators.bash.BashOperator` attribute is deprecated. Please use `'airflow.providers.standard.operators.bash.BashOperator'`.","category":"UserWarning","filename":"/opt/airflow/dags/tutorial_dag2.py","lineno":4,"logger":"py.warnings"}
{"timestamp":"2026-05-21T22:03:21.703041Z","level":"info","event":"Filling up the DagBag from /opt/airflow/dags/tutorial_dag2.py","logger":"airflow.dag_processing.dagbag.BundleDagBag","filename":"dagbag.py","lineno":469}
{"timestamp":"2026-05-21T22:03:21.726380Z","level":"warning","event":"The `airflow.operators.python.PythonOperator` attribute is deprecated. Please use `'airflow.providers.standard.operators.python.PythonOperator'`.","category":"UserWarning","filename":"/opt/airflow/dags/tutorial_dag2.py","lineno":3,"logger":"py.warnings"}
{"timestamp":"2026-05-21T22:03:21.727075Z","level":"warning","event":"The `airflow.operators.python.BranchPythonOperator` attribute is deprecated. Please use `'airflow.providers.standard.operators.python.BranchPythonOperator'`.","category":"UserWarning","filename":"/opt/airflow/dags/tutorial_dag2.py","lineno":3,"logger":"py.warnings"}
{"timestamp":"2026-05-21T22:03:21.727182Z","level":"warning","event":"The `airflow.operators.bash.BashOperator` attribute is deprecated. Please use `'airflow.providers.standard.operators.bash.BashOperator'`.","category":"UserWarning","filename":"/opt/airflow/dags/tutorial_dag2.py","lineno":4,"logger":"py.warnings"}
{"timestamp":"2026-05-21T22:03:52.833693Z","level":"info","event":"Filling up the DagBag from /opt/airflow/dags/tutorial_dag2.py","logger":"airflow.dag_processing.dagbag.BundleDagBag","filename":"dagbag.py","lineno":469}
{"timestamp":"2026-05-21T22:03:52.874362Z","level":"warning","event":"The `airflow.operators.python.PythonOperator` attribute is deprecated. Please use `'airflow.providers.standard.operators.python.PythonOperator'`.","category":"UserWarning","filename":"/opt/airflow/dags/tutorial_dag2.py","lineno":3,"logger":"py.warnings"}
{"timestamp":"2026-05-21T22:03:52.874523Z","level":"warning","event":"The `airflow.operators.python.BranchPythonOperator` attribute is deprecated. Please use `'airflow.providers.standard.operators.python.BranchPythonOperator'`.","category":"UserWarning","filename":"/opt/airflow/dags/tutorial_dag2.py","lineno":3,"logger":"py.warnings"}
{"timestamp":"2026-05-21T22:03:52.874627Z","level":"warning","event":"The `airflow.operators.bash.BashOperator` attribute is deprecated. Please use `'airflow.providers.standard.operators.bash.BashOperator'`.","category":"UserWarning","filename":"/opt/airflow/dags/tutorial_dag2.py","lineno":4,"logger":"py.warnings"}
{"timestamp":"2026-05-21T22:04:23.306780Z","level":"info","event":"Filling up the DagBag from /opt/airflow/dags/tutorial_dag2.py","logger":"airflow.dag_processing.dagbag.BundleDagBag","filename":"dagbag.py","lineno":469}
{"timestamp":"2026-05-21T22:04:23.328153Z","level":"warning","event":"The `airflow.operators.python.PythonOperator` attribute is deprecated. Please use `'airflow.providers.standard.operators.python.PythonOperator'`.","category":"UserWarning","filename":"/opt/airflow/dags/tutorial_dag2.py","lineno":3,"logger":"py.warnings"}
{"timestamp":"2026-05-21T22:04:23.328436Z","level":"warning","event":"The `airflow.operators.python.BranchPythonOperator` attribute is deprecated. Please use `'airflow.providers.standard.operators.python.BranchPythonOperator'`.","category":"UserWarning","filename":"/opt/airflow/dags/tutorial_dag2.py","lineno":3,"logger":"py.warnings"}
{"timestamp":"2026-05-21T22:04:23.328773Z","level":"warning","event":"The `airflow.operators.bash.BashOperator` attribute is deprecated. Please use `'airflow.providers.standard.operators.bash.BashOperator'`.","category":"UserWarning","filename":"/opt/airflow/dags/tutorial_dag2.py","lineno":4,"logger":"py.warnings"}
{"timestamp":"2026-05-21T22:04:53.689284Z","level":"info","event":"Filling up the DagBag from /opt/airflow/dags/tutorial_dag2.py","logger":"airflow.dag_processing.dagbag.BundleDagBag","filename":"dagbag.py","lineno":469}
{"timestamp":"2026-05-21T22:04:53.731570Z","level":"warning","event":"The `airflow.operators.python.PythonOperator` attribute is deprecated. Please use `'airflow.providers.standard.operators.python.PythonOperator'`.","category":"UserWarning","filename":"/opt/airflow/dags/tutorial_dag2.py","lineno":3,"logger":"py.warnings"}
{"timestamp":"2026-05-21T22:04:53.731733Z","level":"warning","event":"The `airflow.operators.python.BranchPythonOperator` attribute is deprecated. Please use `'airflow.providers.standard.operators.python.BranchPythonOperator'`.","category":"UserWarning","filename":"/opt/airflow/dags/tutorial_dag2.py","lineno":3,"logger":"py.warnings"}
{"timestamp":"2026-05-21T22:04:53.731894Z","level":"warning","event":"The `airflow.operators.bash.BashOperator` attribute is deprecated. Please use `'airflow.providers.standard.operators.bash.BashOperator'`.","category":"UserWarning","filename":"/opt/airflow/dags/tutorial_dag2.py","lineno":4,"logger":"py.warnings"}
{"timestamp":"2026-05-21T22:05:24.466913Z","level":"info","event":"Filling up the DagBag from /opt/airflow/dags/tutorial_dag2.py","logger":"airflow.dag_processing.dagbag.BundleDagBag","filename":"dagbag.py","lineno":469}
{"timestamp":"2026-05-21T22:05:24.495257Z","level":"warning","event":"The `airflow.operators.python.PythonOperator` attribute is deprecated. Please use `'airflow.providers.standard.operators.python.PythonOperator'`.","category":"UserWarning","filename":"/opt/airflow/dags/tutorial_dag2.py","lineno":3,"logger":"py.warnings"}
{"timestamp":"2026-05-21T22:05:24.495422Z","level":"warning","event":"The `airflow.operators.python.BranchPythonOperator` attribute is deprecated. Please use `'airflow.providers.standard.operators.python.BranchPythonOperator'`.","category":"UserWarning","filename":"/opt/airflow/dags/tutorial_dag2.py","lineno":3,"logger":"py.warnings"}
{"timestamp":"2026-05-21T22:05:24.495522Z","level":"warning","event":"The `airflow.operators.bash.BashOperator` attribute is deprecated. Please use `'airflow.providers.standard.operators.bash.BashOperator'`.","category":"UserWarning","filename":"/opt/airflow/dags/tutorial_dag2.py","lineno":4,"logger":"py.warnings"}
{"timestamp":"2026-05-21T22:05:55.150832Z","level":"info","event":"Filling up the DagBag from /opt/airflow/dags/tutorial_dag2.py","logger":"airflow.dag_processing.dagbag.BundleDagBag","filename":"dagbag.py","lineno":469}
{"timestamp":"2026-05-21T22:05:55.189410Z","level":"warning","event":"The `airflow.operators.python.PythonOperator` attribute is deprecated. Please use `'airflow.providers.standard.operators.python.PythonOperator'`.","category":"UserWarning","filename":"/opt/airflow/dags/tutorial_dag2.py","lineno":3,"logger":"py.warnings"}
{"timestamp":"2026-05-21T22:05:55.189567Z","level":"warning","event":"The `airflow.operators.python.BranchPythonOperator` attribute is deprecated. Please use `'airflow.providers.standard.operators.python.BranchPythonOperator'`.","category":"UserWarning","filename":"/opt/airflow/dags/tutorial_dag2.py","lineno":3,"logger":"py.warnings"}
{"timestamp":"2026-05-21T22:05:55.189678Z","level":"warning","event":"The `airflow.operators.bash.BashOperator` attribute is deprecated. Please use `'airflow.providers.standard.operators.bash.BashOperator'`.","category":"UserWarning","filename":"/opt/airflow/dags/tutorial_dag2.py","lineno":4,"logger":"py.warnings"}
{"timestamp":"2026-05-21T22:06:25.582122Z","level":"info","event":"Filling up the DagBag from /opt/airflow/dags/tutorial_dag2.py","logger":"airflow.dag_processing.dagbag.BundleDagBag","filename":"dagbag.py","lineno":469}
{"timestamp":"2026-05-21T22:06:25.607682Z","level":"warning","event":"The `airflow.operators.python.PythonOperator` attribute is deprecated. Please use `'airflow.providers.standard.operators.python.PythonOperator'`.","category":"UserWarning","filename":"/opt/airflow/dags/tutorial_dag2.py","lineno":3,"logger":"py.warnings"}
{"timestamp":"2026-05-21T22:06:25.607867Z","level":"warning","event":"The `airflow.operators.python.BranchPythonOperator` attribute is deprecated. Please use `'airflow.providers.standard.operators.python.BranchPythonOperator'`.","category":"UserWarning","filename":"/opt/airflow/dags/tutorial_dag2.py","lineno":3,"logger":"py.warnings"}
{"timestamp":"2026-05-21T22:06:25.607966Z","level":"warning","event":"The `airflow.operators.bash.BashOperator` attribute is deprecated. Please use `'airflow.providers.standard.operators.bash.BashOperator'`.","category":"UserWarning","filename":"/opt/airflow/dags/tutorial_dag2.py","lineno":4,"logger":"py.warnings"}
{"timestamp":"2026-05-21T22:06:56.103763Z","level":"info","event":"Filling up the DagBag from /opt/airflow/dags/tutorial_dag2.py","logger":"airflow.dag_processing.dagbag.BundleDagBag","filename":"dagbag.py","lineno":469}
{"timestamp":"2026-05-21T22:06:56.134425Z","level":"warning","event":"The `airflow.operators.python.PythonOperator` attribute is deprecated. Please use `'airflow.providers.standard.operators.python.PythonOperator'`.","category":"UserWarning","filename":"/opt/airflow/dags/tutorial_dag2.py","lineno":3,"logger":"py.warnings"}
{"timestamp":"2026-05-21T22:06:56.134585Z","level":"warning","event":"The `airflow.operators.python.BranchPythonOperator` attribute is deprecated. Please use `'airflow.providers.standard.operators.python.BranchPythonOperator'`.","category":"UserWarning","filename":"/opt/airflow/dags/tutorial_dag2.py","lineno":3,"logger":"py.warnings"}
{"timestamp":"2026-05-21T22:06:56.134685Z","level":"warning","event":"The `airflow.operators.bash.BashOperator` attribute is deprecated. Please use `'airflow.providers.standard.operators.bash.BashOperator'`.","category":"UserWarning","filename":"/opt/airflow/dags/tutorial_dag2.py","lineno":4,"logger":"py.warnings"}
{"timestamp":"2026-05-21T22:07:26.314942Z","level":"info","event":"Filling up the DagBag from /opt/airflow/dags/tutorial_dag2.py","logger":"airflow.dag_processing.dagbag.BundleDagBag","filename":"dagbag.py","lineno":469}
{"timestamp":"2026-05-21T22:07:26.344849Z","level":"warning","event":"The `airflow.operators.python.PythonOperator` attribute is deprecated. Please use `'airflow.providers.standard.operators.python.PythonOperator'`.","category":"UserWarning","filename":"/opt/airflow/dags/tutorial_dag2.py","lineno":3,"logger":"py.warnings"}
{"timestamp":"2026-05-21T22:07:26.345010Z","level":"warning","event":"The `airflow.operators.python.BranchPythonOperator` attribute is deprecated. Please use `'airflow.providers.standard.operators.python.BranchPythonOperator'`.","category":"UserWarning","filename":"/opt/airflow/dags/tutorial_dag2.py","lineno":3,"logger":"py.warnings"}
{"timestamp":"2026-05-21T22:07:26.345110Z","level":"warning","event":"The `airflow.operators.bash.BashOperator` attribute is deprecated. Please use `'airflow.providers.standard.operators.bash.BashOperator'`.","category":"UserWarning","filename":"/opt/airflow/dags/tutorial_dag2.py","lineno":4,"logger":"py.warnings"}
{"timestamp":"2026-05-21T22:08:42.615614Z","level":"info","event":"Filling up the DagBag from /opt/airflow/dags/tutorial_dag2.py","logger":"airflow.dag_processing.dagbag.BundleDagBag","filename":"dagbag.py","lineno":469}
{"timestamp":"2026-05-21T22:08:42.716914Z","level":"warning","event":"The `airflow.operators.python.PythonOperator` attribute is deprecated. Please use `'airflow.providers.standard.operators.python.PythonOperator'`.","category":"UserWarning","filename":"/opt/airflow/dags/tutorial_dag2.py","lineno":3,"logger":"py.warnings"}
{"timestamp":"2026-05-21T22:08:42.723801Z","level":"warning","event":"The `airflow.operators.python.BranchPythonOperator` attribute is deprecated. Please use `'airflow.providers.standard.operators.python.BranchPythonOperator'`.","category":"UserWarning","filename":"/opt/airflow/dags/tutorial_dag2.py","lineno":3,"logger":"py.warnings"}
{"timestamp":"2026-05-21T22:08:42.723946Z","level":"warning","event":"The `airflow.operators.bash.BashOperator` attribute is deprecated. Please use `'airflow.providers.standard.operators.bash.BashOperator'`.","category":"UserWarning","filename":"/opt/airflow/dags/tutorial_dag2.py","lineno":4,"logger":"py.warnings"}
